Archive member included to satisfy reference by file (symbol)

C:/ST/STM32CubeIDE_1.19.0/STM32CubeIDE/plugins/com.st.stm32cube.ide.mcu.externaltools.gnu-tools-for-stm32.13.3.rel1.win32_1.0.0.202411081344/tools/bin/../lib/gcc/arm-none-eabi/13.3.1/../../../../arm-none-eabi/lib/thumb/v7e-m+dp/hard\libc_nano.a(libc_a-exit.o)
                              C:/ST/STM32CubeIDE_1.19.0/STM32CubeIDE/plugins/com.st.stm32cube.ide.mcu.externaltools.gnu-tools-for-stm32.13.3.rel1.win32_1.0.0.202411081344/tools/bin/../lib/gcc/arm-none-eabi/13.3.1/../../../../arm-none-eabi/lib/thumb/v7e-m+dp/hard/crt0.o (exit)
C:/ST/STM32CubeIDE_1.19.0/STM32CubeIDE/plugins/com.st.stm32cube.ide.mcu.externaltools.gnu-tools-for-stm32.13.3.rel1.win32_1.0.0.202411081344/tools/bin/../lib/gcc/arm-none-eabi/13.3.1/../../../../arm-none-eabi/lib/thumb/v7e-m+dp/hard\libc_nano.a(libc_a-nano-vfprintf_float.o)
                              (_printf_float)
C:/ST/STM32CubeIDE_1.19.0/STM32CubeIDE/plugins/com.st.stm32cube.ide.mcu.externaltools.gnu-tools-for-stm32.13.3.rel1.win32_1.0.0.202411081344/tools/bin/../lib/gcc/arm-none-eabi/13.3.1/../../../../arm-none-eabi/lib/thumb/v7e-m+dp/hard\libc_nano.a(libc_a-nano-vfprintf_i.o)
                              C:/ST/STM32CubeIDE_1.19.0/STM32CubeIDE/plugins/com.st.stm32cube.ide.mcu.externaltools.gnu-tools-for-stm32.13.3.rel1.win32_1.0.0.202411081344/tools/bin/../lib/gcc/arm-none-eabi/13.3.1/../../../../arm-none-eabi/lib/thumb/v7e-m+dp/hard\libc_nano.a(libc_a-nano-vfprintf_float.o) (_printf_common)
C:/ST/STM32CubeIDE_1.19.0/STM32CubeIDE/plugins/com.st.stm32cube.ide.mcu.externaltools.gnu-tools-for-stm32.13.3.rel1.win32_1.0.0.202411081344/tools/bin/../lib/gcc/arm-none-eabi/13.3.1/../../../../arm-none-eabi/lib/thumb/v7e-m+dp/hard\libc_nano.a(libc_a-nano-vfscanf_float.o)
                              (_scanf_float)
C:/ST/STM32CubeIDE_1.19.0/STM32CubeIDE/plugins/com.st.stm32cube.ide.mcu.externaltools.gnu-tools-for-stm32.13.3.rel1.win32_1.0.0.202411081344/tools/bin/../lib/gcc/arm-none-eabi/13.3.1/../../../../arm-none-eabi/lib/thumb/v7e-m+dp/hard\libc_nano.a(libc_a-findfp.o)
                              C:/ST/STM32CubeIDE_1.19.0/STM32CubeIDE/plugins/com.st.stm32cube.ide.mcu.externaltools.gnu-tools-for-stm32.13.3.rel1.win32_1.0.0.202411081344/tools/bin/../lib/gcc/arm-none-eabi/13.3.1/../../../../arm-none-eabi/lib/thumb/v7e-m+dp/hard\libc_nano.a(libc_a-exit.o) (__stdio_exit_handler)
C:/ST/STM32CubeIDE_1.19.0/STM32CubeIDE/plugins/com.st.stm32cube.ide.mcu.externaltools.gnu-tools-for-stm32.13.3.rel1.win32_1.0.0.202411081344/tools/bin/../lib/gcc/arm-none-eabi/13.3.1/../../../../arm-none-eabi/lib/thumb/v7e-m+dp/hard\libc_nano.a(libc_a-fwalk.o)
                              C:/ST/STM32CubeIDE_1.19.0/STM32CubeIDE/plugins/com.st.stm32cube.ide.mcu.externaltools.gnu-tools-for-stm32.13.3.rel1.win32_1.0.0.202411081344/tools/bin/../lib/gcc/arm-none-eabi/13.3.1/../../../../arm-none-eabi/lib/thumb/v7e-m+dp/hard\libc_nano.a(libc_a-findfp.o) (_fwalk_sglue)
C:/ST/STM32CubeIDE_1.19.0/STM32CubeIDE/plugins/com.st.stm32cube.ide.mcu.externaltools.gnu-tools-for-stm32.13.3.rel1.win32_1.0.0.202411081344/tools/bin/../lib/gcc/arm-none-eabi/13.3.1/../../../../arm-none-eabi/lib/thumb/v7e-m+dp/hard\libc_nano.a(libc_a-printf.o)
                              ./Core/Src/main.o (printf)
C:/ST/STM32CubeIDE_1.19.0/STM32CubeIDE/plugins/com.st.stm32cube.ide.mcu.externaltools.gnu-tools-for-stm32.13.3.rel1.win32_1.0.0.202411081344/tools/bin/../lib/gcc/arm-none-eabi/13.3.1/../../../../arm-none-eabi/lib/thumb/v7e-m+dp/hard\libc_nano.a(libc_a-puts.o)
                              ./Core/Src/main.o (puts)
C:/ST/STM32CubeIDE_1.19.0/STM32CubeIDE/plugins/com.st.stm32cube.ide.mcu.externaltools.gnu-tools-for-stm32.13.3.rel1.win32_1.0.0.202411081344/tools/bin/../lib/gcc/arm-none-eabi/13.3.1/../../../../arm-none-eabi/lib/thumb/v7e-m+dp/hard\libc_nano.a(libc_a-sprintf.o)
                              C:/ST/STM32CubeIDE_1.19.0/STM32CubeIDE/plugins/com.st.stm32cube.ide.mcu.externaltools.gnu-tools-for-stm32.13.3.rel1.win32_1.0.0.202411081344/tools/bin/../lib/gcc/arm-none-eabi/13.3.1/../../../../arm-none-eabi/lib/thumb/v7e-m+dp/hard\libc_nano.a(libc_a-nano-vfscanf_float.o) (sprintf)
C:/ST/STM32CubeIDE_1.19.0/STM32CubeIDE/plugins/com.st.stm32cube.ide.mcu.externaltools.gnu-tools-for-stm32.13.3.rel1.win32_1.0.0.202411081344/tools/bin/../lib/gcc/arm-none-eabi/13.3.1/../../../../arm-none-eabi/lib/thumb/v7e-m+dp/hard\libc_nano.a(libc_a-stdio.o)
                              C:/ST/STM32CubeIDE_1.19.0/STM32CubeIDE/plugins/com.st.stm32cube.ide.mcu.externaltools.gnu-tools-for-stm32.13.3.rel1.win32_1.0.0.202411081344/tools/bin/../lib/gcc/arm-none-eabi/13.3.1/../../../../arm-none-eabi/lib/thumb/v7e-m+dp/hard\libc_nano.a(libc_a-findfp.o) (__sread)
[...]
Memory Configuration

Name             Origin             Length             Attributes
FLASH            0x08000000         0x00200000         xr
DTCMRAM          0x20000000         0x00020000         xrw
RAM_D1           0x24000000         0x00080000         xrw
RAM_D2           0x30000000         0x00048000         xrw
RAM_D3           0x38000000         0x00010000         xrw
ITCMRAM          0x00000000         0x00010000         xrw
*default*        0x00000000         0xffffffff

Linker script and memory map

LOAD C:/ST/STM32CubeIDE_1.19.0/STM32CubeIDE/plugins/com.st.stm32cube.ide.mcu.externaltools.gnu-tools-for-stm32.13.3.rel1.win32_1.0.0.202411081344/tools/bin/../lib/gcc/arm-none-eabi/13.3.1/thumb/v7e-m+dp/hard/crti.o
LOAD C:/ST/STM32CubeIDE_1.19.0/STM32CubeIDE/plugins/com.st.stm32cube.ide.mcu.externaltools.gnu-tools-for-stm32.13.3.rel1.win32_1.0.0.202411081344/tools/bin/../lib/gcc/arm-none-eabi/13.3.1/thumb/v7e-m+dp/hard/crtbegin.o
LOAD C:/ST/STM32CubeIDE_1.19.0/STM32CubeIDE/plugins/com.st.stm32cube.ide.mcu.externaltools.gnu-tools-for-stm32.13.3.rel1.win32_1.0.0.202411081344/tools/bin/../lib/gcc/arm-none-eabi/13.3.1/../../../../arm-none-eabi/lib/thumb/v7e-m+dp/hard/crt0.o
LOAD ./Core/Src/main.o
LOAD ./Core/Src/stm32h7xx_hal_msp.o
LOAD ./Core/Src/stm32h7xx_it.o
LOAD ./Core/Src/syscalls.o
LOAD ./Core/Src/sysmem.o
LOAD ./Core/Src/system_stm32h7xx.o
LOAD ./Core/Src/wm8960.o
LOAD ./Core/Startup/startup_stm32h753zitx.o
LOAD ./Drivers/STM32H7xx_HAL_Driver/Src/stm32h7xx_hal.o
LOAD ./Drivers/STM32H7xx_HAL_Driver/Src/stm32h7xx_hal_cortex.o
LOAD ./Drivers/STM32H7xx_HAL_Driver/Src/stm32h7xx_hal_dma.o
LOAD ./Drivers/STM32H7xx_HAL_Driver/Src/stm32h7xx_hal_dma_ex.o
LOAD ./Drivers/STM32H7xx_HAL_Driver/Src/stm32h7xx_hal_exti.o
LOAD ./Drivers/STM32H7xx_HAL_Driver/Src/stm32h7xx_hal_flash.o
LOAD ./Drivers/STM32H7xx_HAL_Driver/Src/stm32h7xx_hal_flash_ex.o
LOAD ./Drivers/STM32H7xx_HAL_Driver/Src/stm32h7xx_hal_gpio.o
LOAD ./Drivers/STM32H7xx_HAL_Driver/Src/stm32h7xx_hal_hsem.o
LOAD ./Drivers/STM32H7xx_HAL_Driver/Src/stm32h7xx_hal_i2c.o
LOAD ./Drivers/STM32H7xx_HAL_Driver/Src/stm32h7xx_hal_i2c_ex.o
LOAD ./Drivers/STM32H7xx_HAL_Driver/Src/stm32h7xx_hal_mdma.o
LOAD ./Drivers/STM32H7xx_HAL_Driver/Src/stm32h7xx_hal_pcd.o
LOAD ./Drivers/STM32H7xx_HAL_Driver/Src/stm32h7xx_hal_pcd_ex.o
LOAD ./Drivers/STM32H7xx_HAL_Driver/Src/stm32h7xx_hal_pwr.o
LOAD ./Drivers/STM32H7xx_HAL_Driver/Src/stm32h7xx_hal_pwr_ex.o
LOAD ./Drivers/STM32H7xx_HAL_Driver/Src/stm32h7xx_hal_rcc.o
LOAD ./Drivers/STM32H7xx_HAL_Driver/Src/stm32h7xx_hal_rcc_ex.o
LOAD ./Drivers/STM32H7xx_HAL_Driver/Src/stm32h7xx_hal_sai.o
LOAD ./Drivers/STM32H7xx_HAL_Driver/Src/stm32h7xx_hal_sai_ex.o
LOAD ./Drivers/STM32H7xx_HAL_Driver/Src/stm32h7xx_hal_tim.o
LOAD ./Drivers/STM32H7xx_HAL_Driver/Src/stm32h7xx_hal_tim_ex.o
LOAD ./Drivers/STM32H7xx_HAL_Driver/Src/stm32h7xx_hal_uart.o
LOAD ./Drivers/STM32H7xx_HAL_Driver/Src/stm32h7xx_hal_uart_ex.o
LOAD ./Drivers/STM32H7xx_HAL_Driver/Src/stm32h7xx_ll_usb.o
LOAD ./Middlewares/ST/STM32_USB_Device_Library/Class/AUDIO/Src/usbd_audio.o
LOAD ./Middlewares/ST/STM32_USB_Device_Library/Core/Src/usbd_core.o
LOAD ./Middlewares/ST/STM32_USB_Device_Library/Core/Src/usbd_ctlreq.o
LOAD ./Middlewares/ST/STM32_USB_Device_Library/Core/Src/usbd_ioreq.o
LOAD ./USB_DEVICE/App/usb_device.o
LOAD ./USB_DEVICE/App/usbd_audio_if.o
LOAD ./USB_DEVICE/App/usbd_desc.o
LOAD ./USB_DEVICE/Target/usbd_conf.o
START GROUP
LOAD C:/ST/STM32CubeIDE_1.19.0/STM32CubeIDE/plugins/com.st.stm32cube.ide.mcu.externaltools.gnu-tools-for-stm32.13.3.rel1.win32_1.0.0.202411081344/tools/bin/../lib/gcc/arm-none-eabi/13.3.1/../../../../arm-none-eabi/lib/thumb/v7e-m+dp/hard\libc_nano.a
LOAD C:/ST/STM32CubeIDE_1.19.0/STM32CubeIDE/plugins/com.st.stm32cube.ide.mcu.externaltools.gnu-tools-for-stm32.13.3.rel1.win32_1.0.0.202411081344/tools/bin/../lib/gcc/arm-none-eabi/13.3.1/../../../../arm-none-eabi/lib/thumb/v7e-m+dp/hard\libm.a
END GROUP
START GROUP
LOAD C:/ST/STM32CubeIDE_1.19.0/STM32CubeIDE/plugins/com.st.stm32cube.ide.mcu.externaltools.gnu-tools-for-stm32.13.3.rel1.win32_1.0.0.202411081344/tools/bin/../lib/gcc/arm-none-eabi/13.3.1/thumb/v7e-m+dp/hard\libgcc.a
LOAD C:/ST/STM32CubeIDE_1.19.0/STM32CubeIDE/plugins/com.st.stm32cube.ide.mcu.externaltools.gnu-tools-for-stm32.13.3.rel1.win32_1.0.0.202411081344/tools/bin/../lib/gcc/arm-none-eabi/13.3.1/../../../../arm-none-eabi/lib/thumb/v7e-m+dp/hard\libc_nano.a
END GROUP
START GROUP
LOAD C:/ST/STM32CubeIDE_1.19.0/STM32CubeIDE/plugins/com.st.stm32cube.ide.mcu.externaltools.gnu-tools-for-stm32.13.3.rel1.win32_1.0.0.202411081344/tools/bin/../lib/gcc/arm-none-eabi/13.3.1/thumb/v7e-m+dp/hard\libgcc.a
LOAD C:/ST/STM32CubeIDE_1.19.0/STM32CubeIDE/plugins/com.st.stm32cube.ide.mcu.externaltools.gnu-tools-for-stm32.13.3.rel1.win32_1.0.0.202411081344/tools/bin/../lib/gcc/arm-none-eabi/13.3.1/../../../../arm-none-eabi/lib/thumb/v7e-m+dp/hard\libc_nano.a
LOAD C:/ST/STM32CubeIDE_1.19.0/STM32CubeIDE/plugins/com.st.stm32cube.ide.mcu.externaltools.gnu-tools-for-stm32.13.3.rel1.win32_1.0.0.202411081344/tools/bin/../lib/gcc/arm-none-eabi/13.3.1/../../../../arm-none-eabi/lib/thumb/v7e-m+dp/hard\libnosys.a
END GROUP
START GROUP
LOAD C:/ST/STM32CubeIDE_1.19.0/STM32CubeIDE/plugins/com.st.stm32cube.ide.mcu.externaltools.gnu-tools-for-stm32.13.3.rel1.win32_1.0.0.202411081344/tools/bin/../lib/gcc/arm-none-eabi/13.3.1/thumb/v7e-m+dp/hard\libgcc.a
LOAD C:/ST/STM32CubeIDE_1.19.0/STM32CubeIDE/plugins/com.st.stm32cube.ide.mcu.externaltools.gnu-tools-for-stm32.13.3.rel1.win32_1.0.0.202411081344/tools/bin/../lib/gcc/arm-none-eabi/13.3.1/../../../../arm-none-eabi/lib/thumb/v7e-m+dp/hard\libc_nano.a
LOAD C:/ST/STM32CubeIDE_1.19.0/STM32CubeIDE/plugins/com.st.stm32cube.ide.mcu.externaltools.gnu-tools-for-stm32.13.3.rel1.win32_1.0.0.202411081344/tools/bin/../lib/gcc/arm-none-eabi/13.3.1/../../../../arm-none-eabi/lib/thumb/v7e-m+dp/hard\libnosys.a
END GROUP
LOAD C:/ST/STM32CubeIDE_1.19.0/STM32CubeIDE/plugins/com.st.stm32cube.ide.mcu.externaltools.gnu-tools-for-stm32.13.3.rel1.win32_1.0.0.202411081344/tools/bin/../lib/gcc/arm-none-eabi/13.3.1/thumb/v7e-m+dp/hard/crtend.o
LOAD C:/ST/STM32CubeIDE_1.19.0/STM32CubeIDE/plugins/com.st.stm32cube.ide.mcu.externaltools.gnu-tools-for-stm32.13.3.rel1.win32_1.0.0.202411081344/tools/bin/../lib/gcc/arm-none-eabi/13.3.1/thumb/v7e-m+dp/hard/crtn.o
                0x24080000                        _estack = (ORIGIN (RAM_D1) + LENGTH (RAM_D1))
                0x00000200                        _Min_Heap_Size = 0x200
                0x00000400                        _Min_Stack_Size = 0x400

.isr_vector     0x08000000      0x298
                0x08000000                        . = ALIGN (0x4)
 *(.isr_vector)
 .isr_vector    0x08000000      0x298 ./Core/Startup/startup_stm32h753zitx.o
                0x08000000                g_pfnVectors
                0x08000298                        . = ALIGN (0x4)

.text           0x080002a0    0x1479c
                0x080002a0                        . = ALIGN (0x4)
 *(.text)
 .text          0x080002a0       0x40 C:/ST/STM32CubeIDE_1.19.0/STM32CubeIDE/plugins/com.st.stm32cube.ide.mcu.externaltools.gnu-tools-for-stm32.13.3.rel1.win32_1.0.0.202411081344/tools/bin/../lib/gcc/arm-none-eabi/13.3.1/thumb/v7e-m+dp/hard/crtbegin.o
 .text          0x080002e0       0xa0 C:/ST/STM32CubeIDE_1.19.0/STM32CubeIDE/plugins/com.st.stm32cube.ide.mcu.externaltools.gnu-tools-for-stm32.13.3.rel1.win32_1.0.0.202411081344/tools/bin/../lib/gcc/arm-none-eabi/13.3.1/../../../../arm-none-eabi/lib/thumb/v7e-m+dp/hard\libc_nano.a(libc_a-memchr.o)
                0x080002e0                memchr
 .text          0x08000380       0x10 C:/ST/STM32CubeIDE_1.19.0/STM32CubeIDE/plugins/com.st.stm32cube.ide.mcu.externaltools.gnu-tools-for-stm32.13.3.rel1.win32_1.0.0.202411081344/tools/bin/../lib/gcc/arm-none-eabi/13.3.1/../../../../arm-none-eabi/lib/thumb/v7e-m+dp/hard\libc_nano.a(libc_a-strlen.o)
                0x08000380                strlen
 .text          0x08000390      0x378 C:/ST/STM32CubeIDE_1.19.0/STM32CubeIDE/plugins/com.st.stm32cube.ide.mcu.externaltools.gnu-tools-for-stm32.13.3.rel1.win32_1.0.0.202411081344/tools/bin/../lib/gcc/arm-none-eabi/13.3.1/thumb/v7e-m+dp/hard\libgcc.a(_arm_addsubdf3.o)
                0x08000390                __aeabi_drsub
                0x08000398                __aeabi_dsub
                0x08000398                __subdf3
                0x0800039c                __aeabi_dadd
                0x0800039c                __adddf3
                0x08000614                __floatunsidf
                0x08000614                __aeabi_ui2d
                0x08000634                __floatsidf
                0x08000634                __aeabi_i2d
                0x08000658                __aeabi_f2d
                0x08000658                __extendsfdf2
                0x0800069c                __floatundidf
                0x0800069c                __aeabi_ul2d
                0x080006ac                __floatdidf
                0x080006ac                __aeabi_l2d
 .text          0x08000708       0x30 C:/ST/STM32CubeIDE_1.19.0/STM32CubeIDE/plugins/com.st.stm32cube.ide.mcu.externaltools.gnu-tools-for-stm32.13.3.rel1.win32_1.0.0.202411081344/tools/bin/../lib/gcc/arm-none-eabi/13.3.1/thumb/v7e-m+dp/hard\libgcc.a(_aeabi_uldivmod.o)
                0x08000708                __aeabi_uldivmod
 .text          0x08000738       0x30 C:/ST/STM32CubeIDE_1.19.0/STM32CubeIDE/plugins/com.st.stm32cube.ide.mcu.externaltools.gnu-tools-for-stm32.13.3.rel1.win32_1.0.0.202411081344/tools/bin/../lib/gcc/arm-none-eabi/13.3.1/thumb/v7e-m+dp/hard\libgcc.a(_fixdfdi.o)
                0x08000738                __fixdfdi
                0x08000738                __aeabi_d2lz
 .text          0x08000768       0x40 C:/ST/STM32CubeIDE_1.19.0/STM32CubeIDE/plugins/com.st.stm32cube.ide.mcu.externaltools.gnu-tools-for-stm32.13.3.rel1.win32_1.0.0.202411081344/tools/bin/../lib/gcc/arm-none-eabi/13.3.1/thumb/v7e-m+dp/hard\libgcc.a(_fixunsdfdi.o)
                0x08000768                __fixunsdfdi
                0x08000768                __aeabi_d2ulz
 .text          0x080007a8      0x2f8 C:/ST/STM32CubeIDE_1.19.0/STM32CubeIDE/plugins/com.st.stm32cube.ide.mcu.externaltools.gnu-tools-for-stm32.13.3.rel1.win32_1.0.0.202411081344/tools/bin/../lib/gcc/arm-none-eabi/13.3.1/thumb/v7e-m+dp/hard\libgcc.a(_udivmoddi4.o)
                0x080007a8                __udivmoddi4
 .text          0x08000aa0        0x4 C:/ST/STM32CubeIDE_1.19.0/STM32CubeIDE/plugins/com.st.stm32cube.ide.mcu.externaltools.gnu-tools-for-stm32.13.3.rel1.win32_1.0.0.202411081344/tools/bin/../lib/gcc/arm-none-eabi/13.3.1/thumb/v7e-m+dp/hard\libgcc.a(_dvmd_tls.o)
                0x08000aa0                __aeabi_idiv0
                0x08000aa0                __aeabi_ldiv0
 *(.text*)
 .text._write   0x08000aa4       0x2c ./Core/Src/main.o
                0x08000aa4                _write
 .text.main     0x08000ad0      0x174 ./Core/Src/main.o
                0x08000ad0                main
 .text.SystemClock_Config
                0x08000c44       0xf8 ./Core/Src/main.o
                0x08000c44                SystemClock_Config
 .text.PeriphCommonClock_Config
                0x08000d3c       0x5e ./Core/Src/main.o
                0x08000d3c                PeriphCommonClock_Config
 *fill*         0x08000d9a        0x2 
 .text.MX_I2C1_Init
                0x08000d9c       0x80 ./Core/Src/main.o
 .text.MX_SAI1_Init
                0x08000e1c       0xcc ./Core/Src/main.o
 .text.MX_USART3_UART_Init
                0x08000ee8       0x98 ./Core/Src/main.o
 .text.MX_DMA_Init
                0x08000f80       0x50 ./Core/Src/main.o
 .text.MX_GPIO_Init
                0x08000fd0       0xac ./Core/Src/main.o
 .text.HAL_SAI_TxHalfCpltCallback
                0x0800107c       0x30 ./Core/Src/main.o
                0x0800107c                HAL_SAI_TxHalfCpltCallback
 .text.HAL_SAI_TxCpltCallback
                0x080010ac       0x30 ./Core/Src/main.o
                0x080010ac                HAL_SAI_TxCpltCallback
 .text.MPU_Config
                0x080010dc       0x58 ./Core/Src/main.o
 .text.Error_Handler
                0x08001134        0xc ./Core/Src/main.o
                0x08001134                Error_Handler
 .text.HAL_MspInit
                0x08001140       0x34 ./Core/Src/stm32h7xx_hal_msp.o
                0x08001140                HAL_MspInit
 .text.HAL_I2C_MspInit
                0x08001174       0xd4 ./Core/Src/stm32h7xx_hal_msp.o
                0x08001174                HAL_I2C_MspInit
 .text.HAL_UART_MspInit
                0x08001248       0xd4 ./Core/Src/stm32h7xx_hal_msp.o
                0x08001248                HAL_UART_MspInit
 .text.HAL_SAI_MspInit
                0x0800131c      0x1c8 ./Core/Src/stm32h7xx_hal_msp.o
                0x0800131c                HAL_SAI_MspInit
 .text.NMI_Handler
                0x080014e4        0x8 ./Core/Src/stm32h7xx_it.o
                0x080014e4                NMI_Handler
 .text.HardFault_Handler
                0x080014ec        0x8 ./Core/Src/stm32h7xx_it.o
                0x080014ec                HardFault_Handler
 .text.MemManage_Handler
                0x080014f4        0x8 ./Core/Src/stm32h7xx_it.o
                0x080014f4                MemManage_Handler
 .text.BusFault_Handler
                0x080014fc        0x8 ./Core/Src/stm32h7xx_it.o
                0x080014fc                BusFault_Handler
 .text.UsageFault_Handler
                0x08001504        0x8 ./Core/Src/stm32h7xx_it.o
                0x08001504                UsageFault_Handler
 .text.SVC_Handler
                0x0800150c        0xe ./Core/Src/stm32h7xx_it.o
                0x0800150c                SVC_Handler
 .text.DebugMon_Handler
                0x0800151a        0xe ./Core/Src/stm32h7xx_it.o
                0x0800151a                DebugMon_Handler
 .text.PendSV_Handler
                0x08001528        0xe ./Core/Src/stm32h7xx_it.o
                0x08001528                PendSV_Handler
 .text.SysTick_Handler
                0x08001536        0xc ./Core/Src/stm32h7xx_it.o
                0x08001536                SysTick_Handler
 *fill*         0x08001542        0x2 
 .text.DMA1_Stream0_IRQHandler
                0x08001544       0x14 ./Core/Src/stm32h7xx_it.o
                0x08001544                DMA1_Stream0_IRQHandler
 .text.DMA1_Stream1_IRQHandler
                0x08001558       0x14 ./Core/Src/stm32h7xx_it.o
                0x08001558                DMA1_Stream1_IRQHandler
 .text.OTG_FS_IRQHandler
                0x0800156c       0x14 ./Core/Src/stm32h7xx_it.o
                0x0800156c                OTG_FS_IRQHandler
 .text._getpid  0x08001580       0x10 ./Core/Src/syscalls.o
                0x08001580                _getpid
 .text._kill    0x08001590       0x20 ./Core/Src/syscalls.o
                0x08001590                _kill
 .text._exit    0x080015b0       0x16 ./Core/Src/syscalls.o
                0x080015b0                _exit
 .text._read    0x080015c6       0x3a ./Core/Src/syscalls.o
                0x080015c6                _read
 .text._close   0x08001600       0x18 ./Core/Src/syscalls.o
                0x08001600                _close
 .text._fstat   0x08001618       0x20 ./Core/Src/syscalls.o
                0x08001618                _fstat
 .text._isatty  0x08001638       0x16 ./Core/Src/syscalls.o
                0x08001638                _isatty
 .text._lseek   0x0800164e       0x1a ./Core/Src/syscalls.o
                0x0800164e                _lseek
 .text._sbrk    0x08001668       0x6c ./Core/Src/sysmem.o
                0x08001668                _sbrk
 .text.SystemInit
                0x080016d4      0x140 ./Core/Src/system_stm32h7xx.o
                0x080016d4                SystemInit
 .text.ExitRun0Mode
                0x08001814       0x30 ./Core/Src/system_stm32h7xx.o
                0x08001814                ExitRun0Mode
 .text.wm8960_write
                0x08001844       0x5a ./Core/Src/wm8960.o
 .text.WM8960_IsReady
                0x0800189e       0x28 ./Core/Src/wm8960.o
                0x0800189e                WM8960_IsReady
 .text.WM8960_Init
                0x080018c6      0x242 ./Core/Src/wm8960.o
                0x080018c6                WM8960_Init
 .text.Reset_Handler
                0x08001b08       0x54 ./Core/Startup/startup_stm32h753zitx.o
                0x08001b08                Reset_Handler
 .text.Default_Handler
                0x08001b5c        0x2 ./Core/Startup/startup_stm32h753zitx.o
                0x08001b5c                RTC_Alarm_IRQHandler
                0x08001b5c                HASH_RNG_IRQHandler
                0x08001b5c                EXTI2_IRQHandler
                0x08001b5c                TIM8_CC_IRQHandler
                0x08001b5c                HRTIM1_Master_IRQHandler
                0x08001b5c                UART8_IRQHandler
                0x08001b5c                SPI4_IRQHandler
                0x08001b5c                TIM1_CC_IRQHandler
                0x08001b5c                BDMA_Channel6_IRQHandler
                0x08001b5c                DMA2_Stream5_IRQHandler
                0x08001b5c                HRTIM1_FLT_IRQHandler
                0x08001b5c                JPEG_IRQHandler
                0x08001b5c                DMA1_Stream5_IRQHandler
                0x08001b5c                BDMA_Channel1_IRQHandler
                0x08001b5c                HRTIM1_TIMD_IRQHandler
                0x08001b5c                TAMP_STAMP_IRQHandler
                0x08001b5c                EXTI3_IRQHandler
                0x08001b5c                LPTIM4_IRQHandler
                0x08001b5c                TIM8_TRG_COM_TIM14_IRQHandler
                0x08001b5c                LPTIM2_IRQHandler
                0x08001b5c                DFSDM1_FLT1_IRQHandler
                0x08001b5c                DMAMUX2_OVR_IRQHandler
                0x08001b5c                TIM8_UP_TIM13_IRQHandler
                0x08001b5c                I2C3_ER_IRQHandler
                0x08001b5c                DFSDM1_FLT2_IRQHandler
                0x08001b5c                MDMA_IRQHandler
                0x08001b5c                LPTIM3_IRQHandler
                0x08001b5c                HSEM1_IRQHandler
                0x08001b5c                EXTI0_IRQHandler
                0x08001b5c                I2C2_EV_IRQHandler
                0x08001b5c                DMA1_Stream2_IRQHandler
                0x08001b5c                FPU_IRQHandler
                0x08001b5c                OTG_HS_WKUP_IRQHandler
                0x08001b5c                FDCAN1_IT1_IRQHandler
                0x08001b5c                LTDC_ER_IRQHandler
                0x08001b5c                DMA2_Stream2_IRQHandler
                0x08001b5c                HRTIM1_TIME_IRQHandler
                0x08001b5c                SPI1_IRQHandler
                0x08001b5c                TIM6_DAC_IRQHandler
                0x08001b5c                DCMI_IRQHandler
                0x08001b5c                HRTIM1_TIMC_IRQHandler
                0x08001b5c                DMA2_Stream3_IRQHandler
                0x08001b5c                SAI2_IRQHandler
                0x08001b5c                DFSDM1_FLT3_IRQHandler
                0x08001b5c                USART6_IRQHandler
                0x08001b5c                TIM17_IRQHandler
                0x08001b5c                USART3_IRQHandler
                0x08001b5c                BDMA_Channel7_IRQHandler
                0x08001b5c                CRYP_IRQHandler
                0x08001b5c                LPTIM5_IRQHandler
                0x08001b5c                UART5_IRQHandler
                0x08001b5c                ADC3_IRQHandler
                0x08001b5c                DMA2_Stream0_IRQHandler
                0x08001b5c                TIM4_IRQHandler
                0x08001b5c                BDMA_Channel2_IRQHandler
                0x08001b5c                QUADSPI_IRQHandler
                0x08001b5c                I2C1_EV_IRQHandler
                0x08001b5c                DMA1_Stream6_IRQHandler
                0x08001b5c                DMAMUX1_OVR_IRQHandler
                0x08001b5c                TIM16_IRQHandler
                0x08001b5c                UART4_IRQHandler
                0x08001b5c                BDMA_Channel5_IRQHandler
                0x08001b5c                TIM3_IRQHandler
                0x08001b5c                RCC_IRQHandler
                0x08001b5c                TIM8_BRK_TIM12_IRQHandler
                0x08001b5c                TIM1_TRG_COM_IRQHandler
                0x08001b5c                Default_Handler
                0x08001b5c                ECC_IRQHandler
                0x08001b5c                CEC_IRQHandler
                0x08001b5c                EXTI15_10_IRQHandler
                0x08001b5c                BDMA_Channel0_IRQHandler
                0x08001b5c                ADC_IRQHandler
                0x08001b5c                DMA1_Stream7_IRQHandler
                0x08001b5c                HRTIM1_TIMA_IRQHandler
                0x08001b5c                SPI5_IRQHandler
                0x08001b5c                TIM7_IRQHandler
                0x08001b5c                SDMMC1_IRQHandler
                0x08001b5c                TIM5_IRQHandler
                0x08001b5c                DMA2_Stream7_IRQHandler
                0x08001b5c                TIM15_IRQHandler
                0x08001b5c                PVD_AVD_IRQHandler
                0x08001b5c                I2C3_EV_IRQHandler
                0x08001b5c                EXTI9_5_IRQHandler
                0x08001b5c                RTC_WKUP_IRQHandler
                0x08001b5c                LTDC_IRQHandler
                0x08001b5c                SAI3_IRQHandler
                0x08001b5c                ETH_WKUP_IRQHandler
                0x08001b5c                SPDIF_RX_IRQHandler
                0x08001b5c                SPI2_IRQHandler
                0x08001b5c                OTG_HS_EP1_IN_IRQHandler
                0x08001b5c                CRS_IRQHandler
                0x08001b5c                EXTI4_IRQHandler
                0x08001b5c                HRTIM1_TIMB_IRQHandler
                0x08001b5c                FDCAN2_IT1_IRQHandler
                0x08001b5c                ETH_IRQHandler
                0x08001b5c                TIM1_UP_IRQHandler
                0x08001b5c                BDMA_Channel4_IRQHandler
                0x08001b5c                OTG_HS_EP1_OUT_IRQHandler
                0x08001b5c                WWDG_IRQHandler
                0x08001b5c                SPI6_IRQHandler
                0x08001b5c                MDIOS_IRQHandler
                0x08001b5c                I2C4_EV_IRQHandler
                0x08001b5c                FDCAN2_IT0_IRQHandler
                0x08001b5c                LPUART1_IRQHandler
                0x08001b5c                FDCAN1_IT0_IRQHandler
                0x08001b5c                TIM2_IRQHandler
                0x08001b5c                OTG_FS_WKUP_IRQHandler
                0x08001b5c                OTG_HS_IRQHandler
                0x08001b5c                DMA2D_IRQHandler
                0x08001b5c                TIM1_BRK_IRQHandler
                0x08001b5c                EXTI1_IRQHandler
                0x08001b5c                SDMMC2_IRQHandler
                0x08001b5c                OTG_FS_EP1_OUT_IRQHandler
                0x08001b5c                BDMA_Channel3_IRQHandler
                0x08001b5c                UART7_IRQHandler
                0x08001b5c                MDIOS_WKUP_IRQHandler
                0x08001b5c                USART2_IRQHandler
                0x08001b5c                DFSDM1_FLT0_IRQHandler
                0x08001b5c                SAI4_IRQHandler
                0x08001b5c                I2C2_ER_IRQHandler
                0x08001b5c                DMA2_Stream1_IRQHandler
                0x08001b5c                FLASH_IRQHandler
                0x08001b5c                DMA2_Stream4_IRQHandler
                0x08001b5c                USART1_IRQHandler
                0x08001b5c                SPI3_IRQHandler
                0x08001b5c                WAKEUP_PIN_IRQHandler
                0x08001b5c                DMA1_Stream4_IRQHandler
                0x08001b5c                OTG_FS_EP1_IN_IRQHandler
                0x08001b5c                I2C1_ER_IRQHandler
                0x08001b5c                FMC_IRQHandler
                0x08001b5c                FDCAN_CAL_IRQHandler
                0x08001b5c                SWPMI1_IRQHandler
                0x08001b5c                COMP1_IRQHandler
                0x08001b5c                LPTIM1_IRQHandler
                0x08001b5c                I2C4_ER_IRQHandler
                0x08001b5c                DMA2_Stream6_IRQHandler
                0x08001b5c                SAI1_IRQHandler
                0x08001b5c                DMA1_Stream3_IRQHandler
 *fill*         0x08001b5e        0x2 
 .text.HAL_Init
                0x08001b60       0x78 ./Drivers/STM32H7xx_HAL_Driver/Src/stm32h7xx_hal.o
                0x08001b60                HAL_Init
 .text.HAL_InitTick
                0x08001bd8       0x6c ./Drivers/STM32H7xx_HAL_Driver/Src/stm32h7xx_hal.o
                0x08001bd8                HAL_InitTick
 .text.HAL_IncTick
                0x08001c44       0x28 ./Drivers/STM32H7xx_HAL_Driver/Src/stm32h7xx_hal.o
                0x08001c44                HAL_IncTick
 .text.HAL_GetTick
                0x08001c6c       0x18 ./Drivers/STM32H7xx_HAL_Driver/Src/stm32h7xx_hal.o
                0x08001c6c                HAL_GetTick
 .text.HAL_Delay
                0x08001c84       0x48 ./Drivers/STM32H7xx_HAL_Driver/Src/stm32h7xx_hal.o
                0x08001c84                HAL_Delay
 .text.HAL_GetREVID
                0x08001ccc       0x18 ./Drivers/STM32H7xx_HAL_Driver/Src/stm32h7xx_hal.o
                0x08001ccc                HAL_GetREVID
 .text.__NVIC_SetPriorityGrouping
                0x08001ce4       0x48 ./Drivers/STM32H7xx_HAL_Driver/Src/stm32h7xx_hal_cortex.o
 .text.__NVIC_GetPriorityGrouping
                0x08001d2c       0x1c ./Drivers/STM32H7xx_HAL_Driver/Src/stm32h7xx_hal_cortex.o
 .text.__NVIC_EnableIRQ
                0x08001d48       0x3c ./Drivers/STM32H7xx_HAL_Driver/Src/stm32h7xx_hal_cortex.o
 .text.__NVIC_SetPriority
                0x08001d84       0x54 ./Drivers/STM32H7xx_HAL_Driver/Src/stm32h7xx_hal_cortex.o
 .text.NVIC_EncodePriority
                0x08001dd8       0x66 ./Drivers/STM32H7xx_HAL_Driver/Src/stm32h7xx_hal_cortex.o
 *fill*         0x08001e3e        0x2 
 .text.SysTick_Config
                0x08001e40       0x44 ./Drivers/STM32H7xx_HAL_Driver/Src/stm32h7xx_hal_cortex.o
 .text.HAL_NVIC_SetPriorityGrouping
                0x08001e84       0x16 ./Drivers/STM32H7xx_HAL_Driver/Src/stm32h7xx_hal_cortex.o
                0x08001e84                HAL_NVIC_SetPriorityGrouping
 .text.HAL_NVIC_SetPriority
                0x08001e9a       0x34 ./Drivers/STM32H7xx_HAL_Driver/Src/stm32h7xx_hal_cortex.o
                0x08001e9a                HAL_NVIC_SetPriority
 .text.HAL_NVIC_EnableIRQ
                0x08001ece       0x1c ./Drivers/STM32H7xx_HAL_Driver/Src/stm32h7xx_hal_cortex.o
                0x08001ece                HAL_NVIC_EnableIRQ
 .text.HAL_SYSTICK_Config
                0x08001eea       0x18 ./Drivers/STM32H7xx_HAL_Driver/Src/stm32h7xx_hal_cortex.o
                0x08001eea                HAL_SYSTICK_Config
 *fill*         0x08001f02        0x2 
 .text.HAL_MPU_Disable
                0x08001f04       0x30 ./Drivers/STM32H7xx_HAL_Driver/Src/stm32h7xx_hal_cortex.o
                0x08001f04                HAL_MPU_Disable
 .text.HAL_MPU_Enable
                0x08001f34       0x40 ./Drivers/STM32H7xx_HAL_Driver/Src/stm32h7xx_hal_cortex.o
                0x08001f34                HAL_MPU_Enable
 .text.HAL_MPU_ConfigRegion
                0x08001f74       0x80 ./Drivers/STM32H7xx_HAL_Driver/Src/stm32h7xx_hal_cortex.o
                0x08001f74                HAL_MPU_ConfigRegion
 .text.HAL_DMA_Init
                0x08001ff4      0x6b8 ./Drivers/STM32H7xx_HAL_Driver/Src/stm32h7xx_hal_dma.o
                0x08001ff4                HAL_DMA_Init
 .text.HAL_DMA_Start_IT
                0x080026ac      0x4d4 ./Drivers/STM32H7xx_HAL_Driver/Src/stm32h7xx_hal_dma.o
                0x080026ac                HAL_DMA_Start_IT
 .text.HAL_DMA_Abort
                0x08002b80      0x63c ./Drivers/STM32H7xx_HAL_Driver/Src/stm32h7xx_hal_dma.o
                0x08002b80                HAL_DMA_Abort
 .text.HAL_DMA_IRQHandler
                0x080031bc      0xe54 ./Drivers/STM32H7xx_HAL_Driver/Src/stm32h7xx_hal_dma.o
                0x080031bc                HAL_DMA_IRQHandler
 .text.HAL_DMA_GetError
                0x08004010       0x18 ./Drivers/STM32H7xx_HAL_Driver/Src/stm32h7xx_hal_dma.o
                0x08004010                HAL_DMA_GetError
 .text.DMA_SetConfig
                0x08004028      0x358 ./Drivers/STM32H7xx_HAL_Driver/Src/stm32h7xx_hal_dma.o
 .text.DMA_CalcBaseAndBitshift
                0x08004380      0x164 ./Drivers/STM32H7xx_HAL_Driver/Src/stm32h7xx_hal_dma.o
 .text.DMA_CheckFifoParam
                0x080044e4       0xf8 ./Drivers/STM32H7xx_HAL_Driver/Src/stm32h7xx_hal_dma.o
 .text.DMA_CalcDMAMUXChannelBaseAndMask
                0x080045dc      0x134 ./Drivers/STM32H7xx_HAL_Driver/Src/stm32h7xx_hal_dma.o
 .text.DMA_CalcDMAMUXRequestGenBaseAndMask
                0x08004710       0xe8 ./Drivers/STM32H7xx_HAL_Driver/Src/stm32h7xx_hal_dma.o
 .text.HAL_GPIO_Init
                0x080047f8      0x360 ./Drivers/STM32H7xx_HAL_Driver/Src/stm32h7xx_hal_gpio.o
                0x080047f8                HAL_GPIO_Init
 .text.HAL_I2C_Init
                0x08004b58      0x138 ./Drivers/STM32H7xx_HAL_Driver/Src/stm32h7xx_hal_i2c.o
                0x08004b58                HAL_I2C_Init
 .text.HAL_I2C_Mem_Write
                0x08004c90      0x228 ./Drivers/STM32H7xx_HAL_Driver/Src/stm32h7xx_hal_i2c.o
                0x08004c90                HAL_I2C_Mem_Write
 .text.HAL_I2C_IsDeviceReady
                0x08004eb8      0x20c ./Drivers/STM32H7xx_HAL_Driver/Src/stm32h7xx_hal_i2c.o
                0x08004eb8                HAL_I2C_IsDeviceReady
 .text.I2C_RequestMemoryWrite
                0x080050c4       0xa8 ./Drivers/STM32H7xx_HAL_Driver/Src/stm32h7xx_hal_i2c.o
 .text.I2C_Flush_TXDR
                0x0800516c       0x48 ./Drivers/STM32H7xx_HAL_Driver/Src/stm32h7xx_hal_i2c.o
 .text.I2C_WaitOnFlagUntilTimeout
                0x080051b4       0xb2 ./Drivers/STM32H7xx_HAL_Driver/Src/stm32h7xx_hal_i2c.o
 .text.I2C_WaitOnTXISFlagUntilTimeout
                0x08005266       0x8e ./Drivers/STM32H7xx_HAL_Driver/Src/stm32h7xx_hal_i2c.o
 .text.I2C_WaitOnSTOPFlagUntilTimeout
                0x080052f4       0x86 ./Drivers/STM32H7xx_HAL_Driver/Src/stm32h7xx_hal_i2c.o
 *fill*         0x0800537a        0x2 
 .text.I2C_IsErrorOccurred
                0x0800537c      0x1c0 ./Drivers/STM32H7xx_HAL_Driver/Src/stm32h7xx_hal_i2c.o
 .text.I2C_TransferConfig
                0x0800553c       0x64 ./Drivers/STM32H7xx_HAL_Driver/Src/stm32h7xx_hal_i2c.o
 .text.HAL_I2CEx_ConfigAnalogFilter
                0x080055a0       0x96 ./Drivers/STM32H7xx_HAL_Driver/Src/stm32h7xx_hal_i2c_ex.o
                0x080055a0                HAL_I2CEx_ConfigAnalogFilter
 .text.HAL_I2CEx_ConfigDigitalFilter
                0x08005636       0x98 ./Drivers/STM32H7xx_HAL_Driver/Src/stm32h7xx_hal_i2c_ex.o
                0x08005636                HAL_I2CEx_ConfigDigitalFilter
 .text.HAL_PCD_Init
                0x080056ce      0x218 ./Drivers/STM32H7xx_HAL_Driver/Src/stm32h7xx_hal_pcd.o
                0x080056ce                HAL_PCD_Init
 .text.HAL_PCD_Start
                0x080058e6       0x6a ./Drivers/STM32H7xx_HAL_Driver/Src/stm32h7xx_hal_pcd.o
                0x080058e6                HAL_PCD_Start
 .text.HAL_PCD_IRQHandler
                0x08005950      0x99c ./Drivers/STM32H7xx_HAL_Driver/Src/stm32h7xx_hal_pcd.o
                0x08005950                HAL_PCD_IRQHandler
 .text.HAL_PCD_SetAddress
                0x080062ec       0x48 ./Drivers/STM32H7xx_HAL_Driver/Src/stm32h7xx_hal_pcd.o
                0x080062ec                HAL_PCD_SetAddress
 .text.HAL_PCD_EP_Open
                0x08006334       0xd4 ./Drivers/STM32H7xx_HAL_Driver/Src/stm32h7xx_hal_pcd.o
                0x08006334                HAL_PCD_EP_Open
 .text.HAL_PCD_EP_Close
                0x08006408       0x94 ./Drivers/STM32H7xx_HAL_Driver/Src/stm32h7xx_hal_pcd.o
                0x08006408                HAL_PCD_EP_Close
 .text.HAL_PCD_EP_Receive
                0x0800649c       0x76 ./Drivers/STM32H7xx_HAL_Driver/Src/stm32h7xx_hal_pcd.o
                0x0800649c                HAL_PCD_EP_Receive
 .text.HAL_PCD_EP_GetRxCount
                0x08006512       0x30 ./Drivers/STM32H7xx_HAL_Driver/Src/stm32h7xx_hal_pcd.o
                0x08006512                HAL_PCD_EP_GetRxCount
 .text.HAL_PCD_EP_Transmit
                0x08006542       0x74 ./Drivers/STM32H7xx_HAL_Driver/Src/stm32h7xx_hal_pcd.o
                0x08006542                HAL_PCD_EP_Transmit
 .text.HAL_PCD_EP_SetStall
                0x080065b6       0xc6 ./Drivers/STM32H7xx_HAL_Driver/Src/stm32h7xx_hal_pcd.o
                0x080065b6                HAL_PCD_EP_SetStall
 .text.HAL_PCD_EP_ClrStall
                0x0800667c       0xac ./Drivers/STM32H7xx_HAL_Driver/Src/stm32h7xx_hal_pcd.o
                0x0800667c                HAL_PCD_EP_ClrStall
 .text.HAL_PCD_EP_Abort
                0x08006728       0x62 ./Drivers/STM32H7xx_HAL_Driver/Src/stm32h7xx_hal_pcd.o
                0x08006728                HAL_PCD_EP_Abort
 .text.PCD_WriteEmptyTxFifo
                0x0800678a      0x118 ./Drivers/STM32H7xx_HAL_Driver/Src/stm32h7xx_hal_pcd.o
 *fill*         0x080068a2        0x2 
 .text.PCD_EP_OutXfrComplete_int
                0x080068a4      0x1d0 ./Drivers/STM32H7xx_HAL_Driver/Src/stm32h7xx_hal_pcd.o
 .text.PCD_EP_OutSetupPacket_int
                0x08006a74       0x8c ./Drivers/STM32H7xx_HAL_Driver/Src/stm32h7xx_hal_pcd.o
 .text.HAL_PCDEx_SetTxFiFo
                0x08006b00       0x8e ./Drivers/STM32H7xx_HAL_Driver/Src/stm32h7xx_hal_pcd_ex.o
                0x08006b00                HAL_PCDEx_SetTxFiFo
 .text.HAL_PCDEx_SetRxFiFo
                0x08006b8e       0x22 ./Drivers/STM32H7xx_HAL_Driver/Src/stm32h7xx_hal_pcd_ex.o
                0x08006b8e                HAL_PCDEx_SetRxFiFo
 .text.HAL_PCDEx_ActivateLPM
                0x08006bb0       0x48 ./Drivers/STM32H7xx_HAL_Driver/Src/stm32h7xx_hal_pcd_ex.o
                0x08006bb0                HAL_PCDEx_ActivateLPM
 .text.HAL_PCDEx_LPM_Callback
                0x08006bf8       0x18 ./Drivers/STM32H7xx_HAL_Driver/Src/stm32h7xx_hal_pcd_ex.o
                0x08006bf8                HAL_PCDEx_LPM_Callback
 .text.HAL_PWREx_ConfigSupply
                0x08006c10       0x74 ./Drivers/STM32H7xx_HAL_Driver/Src/stm32h7xx_hal_pwr_ex.o
                0x08006c10                HAL_PWREx_ConfigSupply
 .text.HAL_PWREx_EnableUSBVoltageDetector
                0x08006c84       0x20 ./Drivers/STM32H7xx_HAL_Driver/Src/stm32h7xx_hal_pwr_ex.o
                0x08006c84                HAL_PWREx_EnableUSBVoltageDetector
 .text.HAL_RCC_OscConfig
                0x08006ca4      0x8b4 ./Drivers/STM32H7xx_HAL_Driver/Src/stm32h7xx_hal_rcc.o
                0x08006ca4                HAL_RCC_OscConfig
 .text.HAL_RCC_ClockConfig
                0x08007558      0x36c ./Drivers/STM32H7xx_HAL_Driver/Src/stm32h7xx_hal_rcc.o
                0x08007558                HAL_RCC_ClockConfig
 .text.HAL_RCC_GetSysClockFreq
                0x080078c4      0x2f4 ./Drivers/STM32H7xx_HAL_Driver/Src/stm32h7xx_hal_rcc.o
                0x080078c4                HAL_RCC_GetSysClockFreq
 .text.HAL_RCC_GetHCLKFreq
                0x08007bb8       0x60 ./Drivers/STM32H7xx_HAL_Driver/Src/stm32h7xx_hal_rcc.o
                0x08007bb8                HAL_RCC_GetHCLKFreq
 .text.HAL_RCC_GetPCLK1Freq
                0x08007c18       0x2c ./Drivers/STM32H7xx_HAL_Driver/Src/stm32h7xx_hal_rcc.o
                0x08007c18                HAL_RCC_GetPCLK1Freq
 .text.HAL_RCC_GetPCLK2Freq
                0x08007c44       0x2c ./Drivers/STM32H7xx_HAL_Driver/Src/stm32h7xx_hal_rcc.o
                0x08007c44                HAL_RCC_GetPCLK2Freq
 .text.HAL_RCCEx_PeriphCLKConfig
                0x08007c70     0x1414 ./Drivers/STM32H7xx_HAL_Driver/Src/stm32h7xx_hal_rcc_ex.o
                0x08007c70                HAL_RCCEx_PeriphCLKConfig
 .text.HAL_RCCEx_GetPeriphCLKFreq
                0x08009084      0xb00 ./Drivers/STM32H7xx_HAL_Driver/Src/stm32h7xx_hal_rcc_ex.o
                0x08009084                HAL_RCCEx_GetPeriphCLKFreq
 .text.HAL_RCCEx_GetD3PCLK1Freq
                0x08009b84       0x2c ./Drivers/STM32H7xx_HAL_Driver/Src/stm32h7xx_hal_rcc_ex.o
                0x08009b84                HAL_RCCEx_GetD3PCLK1Freq
 .text.HAL_RCCEx_GetPLL2ClockFreq
                0x08009bb0      0x2a8 ./Drivers/STM32H7xx_HAL_Driver/Src/stm32h7xx_hal_rcc_ex.o
                0x08009bb0                HAL_RCCEx_GetPLL2ClockFreq
 .text.HAL_RCCEx_GetPLL3ClockFreq
                0x08009e58      0x2a8 ./Drivers/STM32H7xx_HAL_Driver/Src/stm32h7xx_hal_rcc_ex.o
                0x08009e58                HAL_RCCEx_GetPLL3ClockFreq
 .text.HAL_RCCEx_GetPLL1ClockFreq
                0x0800a100      0x2a4 ./Drivers/STM32H7xx_HAL_Driver/Src/stm32h7xx_hal_rcc_ex.o
                0x0800a100                HAL_RCCEx_GetPLL1ClockFreq
 .text.RCCEx_PLL2_Config
                0x0800a3a4      0x164 ./Drivers/STM32H7xx_HAL_Driver/Src/stm32h7xx_hal_rcc_ex.o
 .text.RCCEx_PLL3_Config
                0x0800a508      0x164 ./Drivers/STM32H7xx_HAL_Driver/Src/stm32h7xx_hal_rcc_ex.o
 .text.HAL_SAI_InitProtocol
                0x0800a66c       0x62 ./Drivers/STM32H7xx_HAL_Driver/Src/stm32h7xx_hal_sai.o
                0x0800a66c                HAL_SAI_InitProtocol
 *fill*         0x0800a6ce        0x2 
 .text.HAL_SAI_Init
                0x0800a6d0      0x554 ./Drivers/STM32H7xx_HAL_Driver/Src/stm32h7xx_hal_sai.o
                0x0800a6d0                HAL_SAI_Init
 .text.HAL_SAI_DMAStop
                0x0800ac24       0xfc ./Drivers/STM32H7xx_HAL_Driver/Src/stm32h7xx_hal_sai.o
                0x0800ac24                HAL_SAI_DMAStop
 .text.HAL_SAI_Transmit_DMA
                0x0800ad20      0x16c ./Drivers/STM32H7xx_HAL_Driver/Src/stm32h7xx_hal_sai.o
                0x0800ad20                HAL_SAI_Transmit_DMA
 .text.HAL_SAI_ErrorCallback
                0x0800ae8c       0x14 ./Drivers/STM32H7xx_HAL_Driver/Src/stm32h7xx_hal_sai.o
                0x0800ae8c                HAL_SAI_ErrorCallback
 .text.HAL_SAI_GetState
                0x0800aea0       0x1c ./Drivers/STM32H7xx_HAL_Driver/Src/stm32h7xx_hal_sai.o
                0x0800aea0                HAL_SAI_GetState
 .text.SAI_InitI2S
                0x0800aebc      0x164 ./Drivers/STM32H7xx_HAL_Driver/Src/stm32h7xx_hal_sai.o
 .text.SAI_InitPCM
                0x0800b020      0x104 ./Drivers/STM32H7xx_HAL_Driver/Src/stm32h7xx_hal_sai.o
 .text.SAI_InterruptFlag
                0x0800b124       0x6e ./Drivers/STM32H7xx_HAL_Driver/Src/stm32h7xx_hal_sai.o
 *fill*         0x0800b192        0x2 
 .text.SAI_Disable
                0x0800b194       0x74 ./Drivers/STM32H7xx_HAL_Driver/Src/stm32h7xx_hal_sai.o
 .text.SAI_DMATxCplt
                0x0800b208       0x60 ./Drivers/STM32H7xx_HAL_Driver/Src/stm32h7xx_hal_sai.o
 .text.SAI_DMATxHalfCplt
                0x0800b268       0x1c ./Drivers/STM32H7xx_HAL_Driver/Src/stm32h7xx_hal_sai.o
 .text.SAI_DMAError
                0x0800b284       0x5e ./Drivers/STM32H7xx_HAL_Driver/Src/stm32h7xx_hal_sai.o
 .text.HAL_UART_Init
                0x0800b2e2       0xa0 ./Drivers/STM32H7xx_HAL_Driver/Src/stm32h7xx_hal_uart.o
                0x0800b2e2                HAL_UART_Init
 .text.HAL_UART_Transmit
                0x0800b382      0x11c ./Drivers/STM32H7xx_HAL_Driver/Src/stm32h7xx_hal_uart.o
                0x0800b382                HAL_UART_Transmit
 *fill*         0x0800b49e        0x2 
 .text.UART_SetConfig
                0x0800b4a0      0xad0 ./Drivers/STM32H7xx_HAL_Driver/Src/stm32h7xx_hal_uart.o
                0x0800b4a0                UART_SetConfig
 .text.UART_AdvFeatureConfig
                0x0800bf70      0x144 ./Drivers/STM32H7xx_HAL_Driver/Src/stm32h7xx_hal_uart.o
                0x0800bf70                UART_AdvFeatureConfig
 .text.UART_CheckIdleState
                0x0800c0b4      0x154 ./Drivers/STM32H7xx_HAL_Driver/Src/stm32h7xx_hal_uart.o
                0x0800c0b4                UART_CheckIdleState
 .text.UART_WaitOnFlagUntilTimeout
                0x0800c208       0xda ./Drivers/STM32H7xx_HAL_Driver/Src/stm32h7xx_hal_uart.o
                0x0800c208                UART_WaitOnFlagUntilTimeout
 *fill*         0x0800c2e2        0x2 
 .text.UART_EndRxTransfer
                0x0800c2e4       0xcc ./Drivers/STM32H7xx_HAL_Driver/Src/stm32h7xx_hal_uart.o
 .text.HAL_UARTEx_DisableFifoMode
                0x0800c3b0       0x72 ./Drivers/STM32H7xx_HAL_Driver/Src/stm32h7xx_hal_uart_ex.o
                0x0800c3b0                HAL_UARTEx_DisableFifoMode
 .text.HAL_UARTEx_SetTxFifoThreshold
                0x0800c422       0x7c ./Drivers/STM32H7xx_HAL_Driver/Src/stm32h7xx_hal_uart_ex.o
                0x0800c422                HAL_UARTEx_SetTxFifoThreshold
 .text.HAL_UARTEx_SetRxFifoThreshold
                0x0800c49e       0x7c ./Drivers/STM32H7xx_HAL_Driver/Src/stm32h7xx_hal_uart_ex.o
                0x0800c49e                HAL_UARTEx_SetRxFifoThreshold
 *fill*         0x0800c51a        0x2 
 .text.UARTEx_SetNbDataToProcess
                0x0800c51c       0x9c ./Drivers/STM32H7xx_HAL_Driver/Src/stm32h7xx_hal_uart_ex.o
 .text.USB_CoreInit
                0x0800c5b8       0xe4 ./Drivers/STM32H7xx_HAL_Driver/Src/stm32h7xx_ll_usb.o
                0x0800c5b8                USB_CoreInit
 .text.USB_SetTurnaroundTime
                0x0800c69c      0x144 ./Drivers/STM32H7xx_HAL_Driver/Src/stm32h7xx_ll_usb.o
                0x0800c69c                USB_SetTurnaroundTime
 .text.USB_EnableGlobalInt
                0x0800c7e0       0x22 ./Drivers/STM32H7xx_HAL_Driver/Src/stm32h7xx_ll_usb.o
                0x0800c7e0                USB_EnableGlobalInt
 .text.USB_DisableGlobalInt
                0x0800c802       0x22 ./Drivers/STM32H7xx_HAL_Driver/Src/stm32h7xx_ll_usb.o
                0x0800c802                USB_DisableGlobalInt
 .text.USB_SetCurrentMode
                0x0800c824       0x98 ./Drivers/STM32H7xx_HAL_Driver/Src/stm32h7xx_ll_usb.o
                0x0800c824                USB_SetCurrentMode
 .text.USB_DevInit
                0x0800c8bc      0x2bc ./Drivers/STM32H7xx_HAL_Driver/Src/stm32h7xx_ll_usb.o
                0x0800c8bc                USB_DevInit
 .text.USB_FlushTxFifo
                0x0800cb78       0x64 ./Drivers/STM32H7xx_HAL_Driver/Src/stm32h7xx_ll_usb.o
                0x0800cb78                USB_FlushTxFifo
 .text.USB_FlushRxFifo
                0x0800cbdc       0x5c ./Drivers/STM32H7xx_HAL_Driver/Src/stm32h7xx_ll_usb.o
                0x0800cbdc                USB_FlushRxFifo
 .text.USB_SetDevSpeed
                0x0800cc38       0x32 ./Drivers/STM32H7xx_HAL_Driver/Src/stm32h7xx_ll_usb.o
                0x0800cc38                USB_SetDevSpeed
 .text.USB_GetDevSpeed
                0x0800cc6a       0x4a ./Drivers/STM32H7xx_HAL_Driver/Src/stm32h7xx_ll_usb.o
                0x0800cc6a                USB_GetDevSpeed
 .text.USB_ActivateEndpoint
                0x0800ccb4      0x110 ./Drivers/STM32H7xx_HAL_Driver/Src/stm32h7xx_ll_usb.o
                0x0800ccb4                USB_ActivateEndpoint
 .text.USB_DeactivateEndpoint
                0x0800cdc4      0x1b8 ./Drivers/STM32H7xx_HAL_Driver/Src/stm32h7xx_ll_usb.o
                0x0800cdc4                USB_DeactivateEndpoint
 .text.USB_EPStartXfer
                0x0800cf7c      0x548 ./Drivers/STM32H7xx_HAL_Driver/Src/stm32h7xx_ll_usb.o
                0x0800cf7c                USB_EPStartXfer
 .text.USB_EPStopXfer
                0x0800d4c4      0x154 ./Drivers/STM32H7xx_HAL_Driver/Src/stm32h7xx_ll_usb.o
                0x0800d4c4                USB_EPStopXfer
 .text.USB_WritePacket
                0x0800d618       0x7c ./Drivers/STM32H7xx_HAL_Driver/Src/stm32h7xx_ll_usb.o
                0x0800d618                USB_WritePacket
 .text.USB_ReadPacket
                0x0800d694       0xb0 ./Drivers/STM32H7xx_HAL_Driver/Src/stm32h7xx_ll_usb.o
                0x0800d694                USB_ReadPacket
 .text.USB_EPSetStall
                0x0800d744       0xdc ./Drivers/STM32H7xx_HAL_Driver/Src/stm32h7xx_ll_usb.o
                0x0800d744                USB_EPSetStall
 .text.USB_EPClearStall
                0x0800d820       0xcc ./Drivers/STM32H7xx_HAL_Driver/Src/stm32h7xx_ll_usb.o
                0x0800d820                USB_EPClearStall
 .text.USB_SetDevAddress
                0x0800d8ec       0x4c ./Drivers/STM32H7xx_HAL_Driver/Src/stm32h7xx_ll_usb.o
                0x0800d8ec                USB_SetDevAddress
 .text.USB_DevConnect
                0x0800d938       0x42 ./Drivers/STM32H7xx_HAL_Driver/Src/stm32h7xx_ll_usb.o
                0x0800d938                USB_DevConnect
 .text.USB_DevDisconnect
                0x0800d97a       0x42 ./Drivers/STM32H7xx_HAL_Driver/Src/stm32h7xx_ll_usb.o
                0x0800d97a                USB_DevDisconnect
 .text.USB_ReadInterrupts
                0x0800d9bc       0x26 ./Drivers/STM32H7xx_HAL_Driver/Src/stm32h7xx_ll_usb.o
                0x0800d9bc                USB_ReadInterrupts
 .text.USB_ReadDevAllOutEpInterrupt
                0x0800d9e2       0x34 ./Drivers/STM32H7xx_HAL_Driver/Src/stm32h7xx_ll_usb.o
                0x0800d9e2                USB_ReadDevAllOutEpInterrupt
 .text.USB_ReadDevAllInEpInterrupt
                0x0800da16       0x34 ./Drivers/STM32H7xx_HAL_Driver/Src/stm32h7xx_ll_usb.o
                0x0800da16                USB_ReadDevAllInEpInterrupt
 .text.USB_ReadDevOutEPInterrupt
                0x0800da4a       0x3c ./Drivers/STM32H7xx_HAL_Driver/Src/stm32h7xx_ll_usb.o
                0x0800da4a                USB_ReadDevOutEPInterrupt
 .text.USB_ReadDevInEPInterrupt
                0x0800da86       0x5c ./Drivers/STM32H7xx_HAL_Driver/Src/stm32h7xx_ll_usb.o
                0x0800da86                USB_ReadDevInEPInterrupt
 .text.USB_GetMode
                0x0800dae2       0x1c ./Drivers/STM32H7xx_HAL_Driver/Src/stm32h7xx_ll_usb.o
                0x0800dae2                USB_GetMode
 *fill*         0x0800dafe        0x2 
 .text.USB_ActivateSetup
                0x0800db00       0x48 ./Drivers/STM32H7xx_HAL_Driver/Src/stm32h7xx_ll_usb.o
                0x0800db00                USB_ActivateSetup
 .text.USB_EP0_OutStart
                0x0800db48       0xbc ./Drivers/STM32H7xx_HAL_Driver/Src/stm32h7xx_ll_usb.o
                0x0800db48                USB_EP0_OutStart
 .text.USB_CoreReset
                0x0800dc04       0x62 ./Drivers/STM32H7xx_HAL_Driver/Src/stm32h7xx_ll_usb.o
 *fill*         0x0800dc66        0x2 
 .text.USBD_AUDIO_Init
                0x0800dc68      0x13c ./Middlewares/ST/STM32_USB_Device_Library/Class/AUDIO/Src/usbd_audio.o
 .text.USBD_AUDIO_DeInit
                0x0800dda4       0xb4 ./Middlewares/ST/STM32_USB_Device_Library/Class/AUDIO/Src/usbd_audio.o
 .text.USBD_AUDIO_Setup
                0x0800de58      0x1b8 ./Middlewares/ST/STM32_USB_Device_Library/Class/AUDIO/Src/usbd_audio.o
 .text.USBD_AUDIO_GetCfgDesc
                0x0800e010       0x20 ./Middlewares/ST/STM32_USB_Device_Library/Class/AUDIO/Src/usbd_audio.o
 .text.USBD_AUDIO_DataIn
                0x0800e030       0x1a ./Middlewares/ST/STM32_USB_Device_Library/Class/AUDIO/Src/usbd_audio.o
 .text.USBD_AUDIO_EP0_RxReady
                0x0800e04a       0x80 ./Middlewares/ST/STM32_USB_Device_Library/Class/AUDIO/Src/usbd_audio.o
 .text.USBD_AUDIO_EP0_TxReady
                0x0800e0ca       0x16 ./Middlewares/ST/STM32_USB_Device_Library/Class/AUDIO/Src/usbd_audio.o
 .text.USBD_AUDIO_SOF
                0x0800e0e0       0x16 ./Middlewares/ST/STM32_USB_Device_Library/Class/AUDIO/Src/usbd_audio.o
 .text.USBD_AUDIO_IsoINIncomplete
                0x0800e0f6       0x1a ./Middlewares/ST/STM32_USB_Device_Library/Class/AUDIO/Src/usbd_audio.o
 .text.USBD_AUDIO_IsoOutIncomplete
                0x0800e110       0x58 ./Middlewares/ST/STM32_USB_Device_Library/Class/AUDIO/Src/usbd_audio.o
 .text.USBD_AUDIO_DataOut
                0x0800e168      0x12c ./Middlewares/ST/STM32_USB_Device_Library/Class/AUDIO/Src/usbd_audio.o
 .text.AUDIO_REQ_GetCurrent
                0x0800e294       0x58 ./Middlewares/ST/STM32_USB_Device_Library/Class/AUDIO/Src/usbd_audio.o
 .text.AUDIO_REQ_SetCurrent
                0x0800e2ec       0x88 ./Middlewares/ST/STM32_USB_Device_Library/Class/AUDIO/Src/usbd_audio.o
 .text.USBD_AUDIO_GetDeviceQualifierDesc
                0x0800e374       0x20 ./Middlewares/ST/STM32_USB_Device_Library/Class/AUDIO/Src/usbd_audio.o
 .text.USBD_AUDIO_RegisterInterface
                0x0800e394       0x34 ./Middlewares/ST/STM32_USB_Device_Library/Class/AUDIO/Src/usbd_audio.o
                0x0800e394                USBD_AUDIO_RegisterInterface
 .text.USBD_AUDIO_GetAudioHeaderDesc
                0x0800e3c8       0x64 ./Middlewares/ST/STM32_USB_Device_Library/Class/AUDIO/Src/usbd_audio.o
 .text.USBD_Init
                0x0800e42c       0x60 ./Middlewares/ST/STM32_USB_Device_Library/Core/Src/usbd_core.o
                0x0800e42c                USBD_Init
 .text.USBD_RegisterClass
                0x0800e48c       0x6c ./Middlewares/ST/STM32_USB_Device_Library/Core/Src/usbd_core.o
                0x0800e48c                USBD_RegisterClass
 .text.USBD_Start
                0x0800e4f8       0x18 ./Middlewares/ST/STM32_USB_Device_Library/Core/Src/usbd_core.o
                0x0800e4f8                USBD_Start
 .text.USBD_RunTestMode
                0x0800e510       0x16 ./Middlewares/ST/STM32_USB_Device_Library/Core/Src/usbd_core.o
                0x0800e510                USBD_RunTestMode
 .text.USBD_SetClassConfig
                0x0800e526       0x38 ./Middlewares/ST/STM32_USB_Device_Library/Core/Src/usbd_core.o
                0x0800e526                USBD_SetClassConfig
 .text.USBD_ClrClassConfig
                0x0800e55e       0x34 ./Middlewares/ST/STM32_USB_Device_Library/Core/Src/usbd_core.o
                0x0800e55e                USBD_ClrClassConfig
 .text.USBD_LL_SetupStage
                0x0800e592       0xaa ./Middlewares/ST/STM32_USB_Device_Library/Core/Src/usbd_core.o
                0x0800e592                USBD_LL_SetupStage
 .text.USBD_LL_DataOutStage
                0x0800e63c      0x166 ./Middlewares/ST/STM32_USB_Device_Library/Core/Src/usbd_core.o
                0x0800e63c                USBD_LL_DataOutStage
 .text.USBD_LL_DataInStage
                0x0800e7a2      0x164 ./Middlewares/ST/STM32_USB_Device_Library/Core/Src/usbd_core.o
                0x0800e7a2                USBD_LL_DataInStage
 .text.USBD_LL_Reset
                0x0800e906       0xa4 ./Middlewares/ST/STM32_USB_Device_Library/Core/Src/usbd_core.o
                0x0800e906                USBD_LL_Reset
 .text.USBD_LL_SetSpeed
                0x0800e9aa       0x20 ./Middlewares/ST/STM32_USB_Device_Library/Core/Src/usbd_core.o
                0x0800e9aa                USBD_LL_SetSpeed
 .text.USBD_LL_Suspend
                0x0800e9ca       0x38 ./Middlewares/ST/STM32_USB_Device_Library/Core/Src/usbd_core.o
                0x0800e9ca                USBD_LL_Suspend
 .text.USBD_LL_Resume
                0x0800ea02       0x30 ./Middlewares/ST/STM32_USB_Device_Library/Core/Src/usbd_core.o
                0x0800ea02                USBD_LL_Resume
 .text.USBD_LL_SOF
                0x0800ea32       0x40 ./Middlewares/ST/STM32_USB_Device_Library/Core/Src/usbd_core.o
                0x0800ea32                USBD_LL_SOF
 .text.USBD_LL_IsoINIncomplete
                0x0800ea72       0x64 ./Middlewares/ST/STM32_USB_Device_Library/Core/Src/usbd_core.o
                0x0800ea72                USBD_LL_IsoINIncomplete
 .text.USBD_LL_IsoOUTIncomplete
                0x0800ead6       0x64 ./Middlewares/ST/STM32_USB_Device_Library/Core/Src/usbd_core.o
                0x0800ead6                USBD_LL_IsoOUTIncomplete
 .text.USBD_LL_DevConnected
                0x0800eb3a       0x16 ./Middlewares/ST/STM32_USB_Device_Library/Core/Src/usbd_core.o
                0x0800eb3a                USBD_LL_DevConnected
 .text.USBD_LL_DevDisconnected
                0x0800eb50       0x46 ./Middlewares/ST/STM32_USB_Device_Library/Core/Src/usbd_core.o
                0x0800eb50                USBD_LL_DevDisconnected
 .text.USBD_CoreFindIF
                0x0800eb96       0x1a ./Middlewares/ST/STM32_USB_Device_Library/Core/Src/usbd_core.o
                0x0800eb96                USBD_CoreFindIF
 .text.USBD_CoreFindEP
                0x0800ebb0       0x1a ./Middlewares/ST/STM32_USB_Device_Library/Core/Src/usbd_core.o
                0x0800ebb0                USBD_CoreFindEP
 .text.USBD_GetNextDesc
                0x0800ebca       0x38 ./Middlewares/ST/STM32_USB_Device_Library/Core/Src/usbd_core.o
                0x0800ebca                USBD_GetNextDesc
 .text.SWAPBYTE
                0x0800ec02       0x3e ./Middlewares/ST/STM32_USB_Device_Library/Core/Src/usbd_ctlreq.o
 .text.USBD_StdDevReq
                0x0800ec40       0xe4 ./Middlewares/ST/STM32_USB_Device_Library/Core/Src/usbd_ctlreq.o
                0x0800ec40                USBD_StdDevReq
 .text.USBD_StdItfReq
                0x0800ed24       0xd8 ./Middlewares/ST/STM32_USB_Device_Library/Core/Src/usbd_ctlreq.o
                0x0800ed24                USBD_StdItfReq
 .text.USBD_StdEPReq
                0x0800edfc      0x33a ./Middlewares/ST/STM32_USB_Device_Library/Core/Src/usbd_ctlreq.o
                0x0800edfc                USBD_StdEPReq
 *fill*         0x0800f136        0x2 
 .text.USBD_GetDescriptor
                0x0800f138      0x328 ./Middlewares/ST/STM32_USB_Device_Library/Core/Src/usbd_ctlreq.o
 .text.USBD_SetAddress
                0x0800f460       0x88 ./Middlewares/ST/STM32_USB_Device_Library/Core/Src/usbd_ctlreq.o
 .text.USBD_SetConfig
                0x0800f4e8      0x154 ./Middlewares/ST/STM32_USB_Device_Library/Core/Src/usbd_ctlreq.o
 .text.USBD_GetConfig
                0x0800f63c       0x6c ./Middlewares/ST/STM32_USB_Device_Library/Core/Src/usbd_ctlreq.o
 .text.USBD_GetStatus
                0x0800f6a8       0x68 ./Middlewares/ST/STM32_USB_Device_Library/Core/Src/usbd_ctlreq.o
 .text.USBD_SetFeature
                0x0800f710       0x52 ./Middlewares/ST/STM32_USB_Device_Library/Core/Src/usbd_ctlreq.o
 .text.USBD_ClrFeature
                0x0800f762       0x44 ./Middlewares/ST/STM32_USB_Device_Library/Core/Src/usbd_ctlreq.o
 .text.USBD_ParseSetupRequest
                0x0800f7a6       0x74 ./Middlewares/ST/STM32_USB_Device_Library/Core/Src/usbd_ctlreq.o
                0x0800f7a6                USBD_ParseSetupRequest
 .text.USBD_CtlError
                0x0800f81a       0x22 ./Middlewares/ST/STM32_USB_Device_Library/Core/Src/usbd_ctlreq.o
                0x0800f81a                USBD_CtlError
 .text.USBD_GetString
                0x0800f83c       0xa4 ./Middlewares/ST/STM32_USB_Device_Library/Core/Src/usbd_ctlreq.o
                0x0800f83c                USBD_GetString
 .text.USBD_GetLen
                0x0800f8e0       0x34 ./Middlewares/ST/STM32_USB_Device_Library/Core/Src/usbd_ctlreq.o
 .text.USBD_CtlSendData
                0x0800f914       0x36 ./Middlewares/ST/STM32_USB_Device_Library/Core/Src/usbd_ioreq.o
                0x0800f914                USBD_CtlSendData
 .text.USBD_CtlContinueSendData
                0x0800f94a       0x22 ./Middlewares/ST/STM32_USB_Device_Library/Core/Src/usbd_ioreq.o
                0x0800f94a                USBD_CtlContinueSendData
 .text.USBD_CtlPrepareRx
                0x0800f96c       0x3a ./Middlewares/ST/STM32_USB_Device_Library/Core/Src/usbd_ioreq.o
                0x0800f96c                USBD_CtlPrepareRx
 .text.USBD_CtlContinueRx
                0x0800f9a6       0x22 ./Middlewares/ST/STM32_USB_Device_Library/Core/Src/usbd_ioreq.o
                0x0800f9a6                USBD_CtlContinueRx
 .text.USBD_CtlSendStatus
                0x0800f9c8       0x26 ./Middlewares/ST/STM32_USB_Device_Library/Core/Src/usbd_ioreq.o
                0x0800f9c8                USBD_CtlSendStatus
 .text.USBD_CtlReceiveStatus
                0x0800f9ee       0x26 ./Middlewares/ST/STM32_USB_Device_Library/Core/Src/usbd_ioreq.o
                0x0800f9ee                USBD_CtlReceiveStatus
 .text.MX_USB_DEVICE_Init
                0x0800fa14       0x64 ./USB_DEVICE/App/usb_device.o
                0x0800fa14                MX_USB_DEVICE_Init
 .text.AUDIO_Init_FS
                0x0800fa78       0x1a ./USB_DEVICE/App/usbd_audio_if.o
 .text.AUDIO_DeInit_FS
                0x0800fa92       0x16 ./USB_DEVICE/App/usbd_audio_if.o
 .text.AUDIO_AudioCmd_FS
                0x0800faa8       0x64 ./USB_DEVICE/App/usbd_audio_if.o
 .text.AUDIO_VolumeCtl_FS
                0x0800fb0c       0x18 ./USB_DEVICE/App/usbd_audio_if.o
 .text.AUDIO_MuteCtl_FS
                0x0800fb24       0x18 ./USB_DEVICE/App/usbd_audio_if.o
 .text.AUDIO_PeriodicTC_FS
                0x0800fb3c       0x6c ./USB_DEVICE/App/usbd_audio_if.o
 .text.AUDIO_GetState_FS
                0x0800fba8       0x10 ./USB_DEVICE/App/usbd_audio_if.o
 .text.USBD_FS_DeviceDescriptor
                0x0800fbb8       0x24 ./USB_DEVICE/App/usbd_desc.o
                0x0800fbb8                USBD_FS_DeviceDescriptor
 .text.USBD_FS_LangIDStrDescriptor
                0x0800fbdc       0x24 ./USB_DEVICE/App/usbd_desc.o
                0x0800fbdc                USBD_FS_LangIDStrDescriptor
 .text.USBD_FS_ProductStrDescriptor
                0x0800fc00       0x3c ./USB_DEVICE/App/usbd_desc.o
                0x0800fc00                USBD_FS_ProductStrDescriptor
 .text.USBD_FS_ManufacturerStrDescriptor
                0x0800fc3c       0x28 ./USB_DEVICE/App/usbd_desc.o
                0x0800fc3c                USBD_FS_ManufacturerStrDescriptor
 .text.USBD_FS_SerialStrDescriptor
                0x0800fc64       0x24 ./USB_DEVICE/App/usbd_desc.o
                0x0800fc64                USBD_FS_SerialStrDescriptor
 .text.USBD_FS_ConfigStrDescriptor
                0x0800fc88       0x3c ./USB_DEVICE/App/usbd_desc.o
                0x0800fc88                USBD_FS_ConfigStrDescriptor
 .text.USBD_FS_InterfaceStrDescriptor
                0x0800fcc4       0x3c ./USB_DEVICE/App/usbd_desc.o
                0x0800fcc4                USBD_FS_InterfaceStrDescriptor
 .text.Get_SerialNum
                0x0800fd00       0x58 ./USB_DEVICE/App/usbd_desc.o
 .text.IntToUnicode
                0x0800fd58       0x7e ./USB_DEVICE/App/usbd_desc.o
 *fill*         0x0800fdd6        0x2 
 .text.HAL_PCD_MspInit
                0x0800fdd8       0xe8 ./USB_DEVICE/Target/usbd_conf.o
                0x0800fdd8                HAL_PCD_MspInit
 .text.HAL_PCD_SetupStageCallback
                0x0800fec0       0x24 ./USB_DEVICE/Target/usbd_conf.o
                0x0800fec0                HAL_PCD_SetupStageCallback
 .text.HAL_PCD_DataOutStageCallback
                0x0800fee4       0x36 ./USB_DEVICE/Target/usbd_conf.o
                0x0800fee4                HAL_PCD_DataOutStageCallback
 .text.HAL_PCD_DataInStageCallback
                0x0800ff1a       0x34 ./USB_DEVICE/Target/usbd_conf.o
                0x0800ff1a                HAL_PCD_DataInStageCallback
 .text.HAL_PCD_SOFCallback
                0x0800ff4e       0x1c ./USB_DEVICE/Target/usbd_conf.o
                0x0800ff4e                HAL_PCD_SOFCallback
 .text.HAL_PCD_ResetCallback
                0x0800ff6a       0x50 ./USB_DEVICE/Target/usbd_conf.o
                0x0800ff6a                HAL_PCD_ResetCallback
 *fill*         0x0800ffba        0x2 
 .text.HAL_PCD_SuspendCallback
                0x0800ffbc       0x4c ./USB_DEVICE/Target/usbd_conf.o
                0x0800ffbc                HAL_PCD_SuspendCallback
 .text.HAL_PCD_ResumeCallback
                0x08010008       0x1c ./USB_DEVICE/Target/usbd_conf.o
                0x08010008                HAL_PCD_ResumeCallback
 .text.HAL_PCD_ISOOUTIncompleteCallback
                0x08010024       0x24 ./USB_DEVICE/Target/usbd_conf.o
                0x08010024                HAL_PCD_ISOOUTIncompleteCallback
 .text.HAL_PCD_ISOINIncompleteCallback
                0x08010048       0x24 ./USB_DEVICE/Target/usbd_conf.o
                0x08010048                HAL_PCD_ISOINIncompleteCallback
 .text.HAL_PCD_ConnectCallback
                0x0801006c       0x1c ./USB_DEVICE/Target/usbd_conf.o
                0x0801006c                HAL_PCD_ConnectCallback
 .text.HAL_PCD_DisconnectCallback
                0x08010088       0x1c ./USB_DEVICE/Target/usbd_conf.o
                0x08010088                HAL_PCD_DisconnectCallback
 .text.USBD_LL_Init
                0x080100a4       0xa0 ./USB_DEVICE/Target/usbd_conf.o
                0x080100a4                USBD_LL_Init
 .text.USBD_LL_Start
                0x08010144       0x36 ./USB_DEVICE/Target/usbd_conf.o
                0x08010144                USBD_LL_Start
 .text.USBD_LL_OpenEP
                0x0801017a       0x4c ./USB_DEVICE/Target/usbd_conf.o
                0x0801017a                USBD_LL_OpenEP
 .text.USBD_LL_CloseEP
                0x080101c6       0x3e ./USB_DEVICE/Target/usbd_conf.o
                0x080101c6                USBD_LL_CloseEP
 .text.USBD_LL_StallEP
                0x08010204       0x3e ./USB_DEVICE/Target/usbd_conf.o
                0x08010204                USBD_LL_StallEP
 .text.USBD_LL_ClearStallEP
                0x08010242       0x3e ./USB_DEVICE/Target/usbd_conf.o
                0x08010242                USBD_LL_ClearStallEP
 .text.USBD_LL_IsStallEP
                0x08010280       0x58 ./USB_DEVICE/Target/usbd_conf.o
                0x08010280                USBD_LL_IsStallEP
 .text.USBD_LL_SetUSBAddress
                0x080102d8       0x3e ./USB_DEVICE/Target/usbd_conf.o
                0x080102d8                USBD_LL_SetUSBAddress
 .text.USBD_LL_Transmit
                0x08010316       0x42 ./USB_DEVICE/Target/usbd_conf.o
                0x08010316                USBD_LL_Transmit
 .text.USBD_LL_PrepareReceive
                0x08010358       0x42 ./USB_DEVICE/Target/usbd_conf.o
                0x08010358                USBD_LL_PrepareReceive
 .text.USBD_LL_GetRxDataSize
                0x0801039a       0x26 ./USB_DEVICE/Target/usbd_conf.o
                0x0801039a                USBD_LL_GetRxDataSize
 .text.USBD_static_malloc
                0x080103c0       0x1c ./USB_DEVICE/Target/usbd_conf.o
                0x080103c0                USBD_static_malloc
 .text.USBD_static_free
                0x080103dc       0x14 ./USB_DEVICE/Target/usbd_conf.o
                0x080103dc                USBD_static_free
 .text.USBD_Get_USB_Status
                0x080103f0       0x58 ./USB_DEVICE/Target/usbd_conf.o
                0x080103f0                USBD_Get_USB_Status
 .text.__cvt    0x08010448       0xa8 C:/ST/STM32CubeIDE_1.19.0/STM32CubeIDE/plugins/com.st.stm32cube.ide.mcu.externaltools.gnu-tools-for-stm32.13.3.rel1.win32_1.0.0.202411081344/tools/bin/../lib/gcc/arm-none-eabi/13.3.1/../../../../arm-none-eabi/lib/thumb/v7e-m+dp/hard\libc_nano.a(libc_a-nano-vfprintf_float.o)
                0x08010448                __cvt
 .text.__exponent
                0x080104f0       0x74 C:/ST/STM32CubeIDE_1.19.0/STM32CubeIDE/plugins/com.st.stm32cube.ide.mcu.externaltools.gnu-tools-for-stm32.13.3.rel1.win32_1.0.0.202411081344/tools/bin/../lib/gcc/arm-none-eabi/13.3.1/../../../../arm-none-eabi/lib/thumb/v7e-m+dp/hard\libc_nano.a(libc_a-nano-vfprintf_float.o)
                0x080104f0                __exponent
 *fill*         0x08010564        0x4 
 .text._printf_float
                0x08010568      0x434 C:/ST/STM32CubeIDE_1.19.0/STM32CubeIDE/plugins/com.st.stm32cube.ide.mcu.externaltools.gnu-tools-for-stm32.13.3.rel1.win32_1.0.0.202411081344/tools/bin/../lib/gcc/arm-none-eabi/13.3.1/../../../../arm-none-eabi/lib/thumb/v7e-m+dp/hard\libc_nano.a(libc_a-nano-vfprintf_float.o)
                0x08010568                _printf_float
 .text._printf_common
                0x0801099c       0xda C:/ST/STM32CubeIDE_1.19.0/STM32CubeIDE/plugins/com.st.stm32cube.ide.mcu.externaltools.gnu-tools-for-stm32.13.3.rel1.win32_1.0.0.202411081344/tools/bin/../lib/gcc/arm-none-eabi/13.3.1/../../../../arm-none-eabi/lib/thumb/v7e-m+dp/hard\libc_nano.a(libc_a-nano-vfprintf_i.o)
                0x0801099c                _printf_common
 *fill*         0x08010a76        0x2 
 .text._printf_i
                0x08010a78      0x23c C:/ST/STM32CubeIDE_1.19.0/STM32CubeIDE/plugins/com.st.stm32cube.ide.mcu.externaltools.gnu-tools-for-stm32.13.3.rel1.win32_1.0.0.202411081344/tools/bin/../lib/gcc/arm-none-eabi/13.3.1/../../../../arm-none-eabi/lib/thumb/v7e-m+dp/hard\libc_nano.a(libc_a-nano-vfprintf_i.o)
                0x08010a78                _printf_i
 .text._scanf_float
                0x08010cb4      0x40c C:/ST/STM32CubeIDE_1.19.0/STM32CubeIDE/plugins/com.st.stm32cube.ide.mcu.externaltools.gnu-tools-for-stm32.13.3.rel1.win32_1.0.0.202411081344/tools/bin/../lib/gcc/arm-none-eabi/13.3.1/../../../../arm-none-eabi/lib/thumb/v7e-m+dp/hard\libc_nano.a(libc_a-nano-vfscanf_float.o)
                0x08010cb4                _scanf_float
 .text.std      0x080110c0       0x6c C:/ST/STM32CubeIDE_1.19.0/STM32CubeIDE/plugins/com.st.stm32cube.ide.mcu.externaltools.gnu-tools-for-stm32.13.3.rel1.win32_1.0.0.202411081344/tools/bin/../lib/gcc/arm-none-eabi/13.3.1/../../../../arm-none-eabi/lib/thumb/v7e-m+dp/hard\libc_nano.a(libc_a-findfp.o)
 .text.stdio_exit_handler
                0x0801112c       0x18 C:/ST/STM32CubeIDE_1.19.0/STM32CubeIDE/plugins/com.st.stm32cube.ide.mcu.externaltools.gnu-tools-for-stm32.13.3.rel1.win32_1.0.0.202411081344/tools/bin/../lib/gcc/arm-none-eabi/13.3.1/../../../../arm-none-eabi/lib/thumb/v7e-m+dp/hard\libc_nano.a(libc_a-findfp.o)
 .text.cleanup_stdio
                0x08011144       0x40 C:/ST/STM32CubeIDE_1.19.0/STM32CubeIDE/plugins/com.st.stm32cube.ide.mcu.externaltools.gnu-tools-for-stm32.13.3.rel1.win32_1.0.0.202411081344/tools/bin/../lib/gcc/arm-none-eabi/13.3.1/../../../../arm-none-eabi/lib/thumb/v7e-m+dp/hard\libc_nano.a(libc_a-findfp.o)
 .text.global_stdio_init.part.0
                0x08011184       0x3c C:/ST/STM32CubeIDE_1.19.0/STM32CubeIDE/plugins/com.st.stm32cube.ide.mcu.externaltools.gnu-tools-for-stm32.13.3.rel1.win32_1.0.0.202411081344/tools/bin/../lib/gcc/arm-none-eabi/13.3.1/../../../../arm-none-eabi/lib/thumb/v7e-m+dp/hard\libc_nano.a(libc_a-findfp.o)
 .text.__sfp_lock_acquire
                0x080111c0        0xc C:/ST/STM32CubeIDE_1.19.0/STM32CubeIDE/plugins/com.st.stm32cube.ide.mcu.externaltools.gnu-tools-for-stm32.13.3.rel1.win32_1.0.0.202411081344/tools/bin/../lib/gcc/arm-none-eabi/13.3.1/../../../../arm-none-eabi/lib/thumb/v7e-m+dp/hard\libc_nano.a(libc_a-findfp.o)
                0x080111c0                __sfp_lock_acquire
 .text.__sfp_lock_release
                0x080111cc        0xc C:/ST/STM32CubeIDE_1.19.0/STM32CubeIDE/plugins/com.st.stm32cube.ide.mcu.externaltools.gnu-tools-for-stm32.13.3.rel1.win32_1.0.0.202411081344/tools/bin/../lib/gcc/arm-none-eabi/13.3.1/../../../../arm-none-eabi/lib/thumb/v7e-m+dp/hard\libc_nano.a(libc_a-findfp.o)
                0x080111cc                __sfp_lock_release
 .text.__sinit  0x080111d8       0x30 C:/ST/STM32CubeIDE_1.19.0/STM32CubeIDE/plugins/com.st.stm32cube.ide.mcu.externaltools.gnu-tools-for-stm32.13.3.rel1.win32_1.0.0.202411081344/tools/bin/../lib/gcc/arm-none-eabi/13.3.1/../../../../arm-none-eabi/lib/thumb/v7e-m+dp/hard\libc_nano.a(libc_a-findfp.o)
                0x080111d8                __sinit
 .text._fwalk_sglue
                0x08011208       0x3c C:/ST/STM32CubeIDE_1.19.0/STM32CubeIDE/plugins/com.st.stm32cube.ide.mcu.externaltools.gnu-tools-for-stm32.13.3.rel1.win32_1.0.0.202411081344/tools/bin/../lib/gcc/arm-none-eabi/13.3.1/../../../../arm-none-eabi/lib/thumb/v7e-m+dp/hard\libc_nano.a(libc_a-fwalk.o)
                0x08011208                _fwalk_sglue
 .text.printf   0x08011244       0x24 C:/ST/STM32CubeIDE_1.19.0/STM32CubeIDE/plugins/com.st.stm32cube.ide.mcu.externaltools.gnu-tools-for-stm32.13.3.rel1.win32_1.0.0.202411081344/tools/bin/../lib/gcc/arm-none-eabi/13.3.1/../../../../arm-none-eabi/lib/thumb/v7e-m+dp/hard\libc_nano.a(libc_a-printf.o)
                0x08011244                iprintf
                0x08011244                printf
 .text._puts_r  0x08011268       0xaa C:/ST/STM32CubeIDE_1.19.0/STM32CubeIDE/plugins/com.st.stm32cube.ide.mcu.externaltools.gnu-tools-for-stm32.13.3.rel1.win32_1.0.0.202411081344/tools/bin/../lib/gcc/arm-none-eabi/13.3.1/../../../../arm-none-eabi/lib/thumb/v7e-m+dp/hard\libc_nano.a(libc_a-puts.o)
                0x08011268                _puts_r
 *fill*         0x08011312        0x2 
 .text.puts     0x08011314       0x10 C:/ST/STM32CubeIDE_1.19.0/STM32CubeIDE/plugins/com.st.stm32cube.ide.mcu.externaltools.gnu-tools-for-stm32.13.3.rel1.win32_1.0.0.202411081344/tools/bin/../lib/gcc/arm-none-eabi/13.3.1/../../../../arm-none-eabi/lib/thumb/v7e-m+dp/hard\libc_nano.a(libc_a-puts.o)
                0x08011314                puts
 .text.sprintf  0x08011324       0x44 C:/ST/STM32CubeIDE_1.19.0/STM32CubeIDE/plugins/com.st.stm32cube.ide.mcu.externaltools.gnu-tools-for-stm32.13.3.rel1.win32_1.0.0.202411081344/tools/bin/../lib/gcc/arm-none-eabi/13.3.1/../../../../arm-none-eabi/lib/thumb/v7e-m+dp/hard\libc_nano.a(libc_a-sprintf.o)
                0x08011324                siprintf
                0x08011324                sprintf
 .text.__sread  0x08011368       0x22 C:/ST/STM32CubeIDE_1.19.0/STM32CubeIDE/plugins/com.st.stm32cube.ide.mcu.externaltools.gnu-tools-for-stm32.13.3.rel1.win32_1.0.0.202411081344/tools/bin/../lib/gcc/arm-none-eabi/13.3.1/../../../../arm-none-eabi/lib/thumb/v7e-m+dp/hard\libc_nano.a(libc_a-stdio.o)
                0x08011368                __sread
 .text.__swrite
                0x0801138a       0x38 C:/ST/STM32CubeIDE_1.19.0/STM32CubeIDE/plugins/com.st.stm32cube.ide.mcu.externaltools.gnu-tools-for-stm32.13.3.rel1.win32_1.0.0.202411081344/tools/bin/../lib/gcc/arm-none-eabi/13.3.1/../../../../arm-none-eabi/lib/thumb/v7e-m+dp/hard\libc_nano.a(libc_a-stdio.o)
                0x0801138a                __swrite
 .text.__sseek  0x080113c2       0x24 C:/ST/STM32CubeIDE_1.19.0/STM32CubeIDE/plugins/com.st.stm32cube.ide.mcu.externaltools.gnu-tools-for-stm32.13.3.rel1.win32_1.0.0.202411081344/tools/bin/../lib/gcc/arm-none-eabi/13.3.1/../../../../arm-none-eabi/lib/thumb/v7e-m+dp/hard\libc_nano.a(libc_a-stdio.o)
                0x080113c2                __sseek
 .text.__sclose
                0x080113e6        0x8 C:/ST/STM32CubeIDE_1.19.0/STM32CubeIDE/plugins/com.st.stm32cube.ide.mcu.externaltools.gnu-tools-for-stm32.13.3.rel1.win32_1.0.0.202411081344/tools/bin/../lib/gcc/arm-none-eabi/13.3.1/../../../../arm-none-eabi/lib/thumb/v7e-m+dp/hard\libc_nano.a(libc_a-stdio.o)
                0x080113e6                __sclose
 .text.__swbuf_r
                0x080113ee       0x7c C:/ST/STM32CubeIDE_1.19.0/STM32CubeIDE/plugins/com.st.stm32cube.ide.mcu.externaltools.gnu-tools-for-stm32.13.3.rel1.win32_1.0.0.202411081344/tools/bin/../lib/gcc/arm-none-eabi/13.3.1/../../../../arm-none-eabi/lib/thumb/v7e-m+dp/hard\libc_nano.a(libc_a-wbuf.o)
                0x080113ee                __swbuf_r
 *fill*         0x0801146a        0x2 
 .text.__swsetup_r
                0x0801146c       0xac C:/ST/STM32CubeIDE_1.19.0/STM32CubeIDE/plugins/com.st.stm32cube.ide.mcu.externaltools.gnu-tools-for-stm32.13.3.rel1.win32_1.0.0.202411081344/tools/bin/../lib/gcc/arm-none-eabi/13.3.1/../../../../arm-none-eabi/lib/thumb/v7e-m+dp/hard\libc_nano.a(libc_a-wsetup.o)
                0x0801146c                __swsetup_r
 .text.memset   0x08011518       0x10 C:/ST/STM32CubeIDE_1.19.0/STM32CubeIDE/plugins/com.st.stm32cube.ide.mcu.externaltools.gnu-tools-for-stm32.13.3.rel1.win32_1.0.0.202411081344/tools/bin/../lib/gcc/arm-none-eabi/13.3.1/../../../../arm-none-eabi/lib/thumb/v7e-m+dp/hard\libc_nano.a(libc_a-memset.o)
                0x08011518                memset
 .text._localeconv_r
                0x08011528        0x8 C:/ST/STM32CubeIDE_1.19.0/STM32CubeIDE/plugins/com.st.stm32cube.ide.mcu.externaltools.gnu-tools-for-stm32.13.3.rel1.win32_1.0.0.202411081344/tools/bin/../lib/gcc/arm-none-eabi/13.3.1/../../../../arm-none-eabi/lib/thumb/v7e-m+dp/hard\libc_nano.a(libc_a-localeconv.o)
                0x08011528                _localeconv_r
 .text._close_r
                0x08011530       0x20 C:/ST/STM32CubeIDE_1.19.0/STM32CubeIDE/plugins/com.st.stm32cube.ide.mcu.externaltools.gnu-tools-for-stm32.13.3.rel1.win32_1.0.0.202411081344/tools/bin/../lib/gcc/arm-none-eabi/13.3.1/../../../../arm-none-eabi/lib/thumb/v7e-m+dp/hard\libc_nano.a(libc_a-closer.o)
                0x08011530                _close_r
 .text._lseek_r
                0x08011550       0x24 C:/ST/STM32CubeIDE_1.19.0/STM32CubeIDE/plugins/com.st.stm32cube.ide.mcu.externaltools.gnu-tools-for-stm32.13.3.rel1.win32_1.0.0.202411081344/tools/bin/../lib/gcc/arm-none-eabi/13.3.1/../../../../arm-none-eabi/lib/thumb/v7e-m+dp/hard\libc_nano.a(libc_a-lseekr.o)
                0x08011550                _lseek_r
 .text._read_r  0x08011574       0x24 C:/ST/STM32CubeIDE_1.19.0/STM32CubeIDE/plugins/com.st.stm32cube.ide.mcu.externaltools.gnu-tools-for-stm32.13.3.rel1.win32_1.0.0.202411081344/tools/bin/../lib/gcc/arm-none-eabi/13.3.1/../../../../arm-none-eabi/lib/thumb/v7e-m+dp/hard\libc_nano.a(libc_a-readr.o)
                0x08011574                _read_r
 .text._write_r
                0x08011598       0x24 C:/ST/STM32CubeIDE_1.19.0/STM32CubeIDE/plugins/com.st.stm32cube.ide.mcu.externaltools.gnu-tools-for-stm32.13.3.rel1.win32_1.0.0.202411081344/tools/bin/../lib/gcc/arm-none-eabi/13.3.1/../../../../arm-none-eabi/lib/thumb/v7e-m+dp/hard\libc_nano.a(libc_a-writer.o)
                0x08011598                _write_r
 .text.__errno  0x080115bc        0xc C:/ST/STM32CubeIDE_1.19.0/STM32CubeIDE/plugins/com.st.stm32cube.ide.mcu.externaltools.gnu-tools-for-stm32.13.3.rel1.win32_1.0.0.202411081344/tools/bin/../lib/gcc/arm-none-eabi/13.3.1/../../../../arm-none-eabi/lib/thumb/v7e-m+dp/hard\libc_nano.a(libc_a-errno.o)
                0x080115bc                __errno
 .text.__libc_init_array
                0x080115c8       0x48 C:/ST/STM32CubeIDE_1.19.0/STM32CubeIDE/plugins/com.st.stm32cube.ide.mcu.externaltools.gnu-tools-for-stm32.13.3.rel1.win32_1.0.0.202411081344/tools/bin/../lib/gcc/arm-none-eabi/13.3.1/../../../../arm-none-eabi/lib/thumb/v7e-m+dp/hard\libc_nano.a(libc_a-init.o)
                0x080115c8                __libc_init_array
 .text.__retarget_lock_init_recursive
                0x08011610        0x2 C:/ST/STM32CubeIDE_1.19.0/STM32CubeIDE/plugins/com.st.stm32cube.ide.mcu.externaltools.gnu-tools-for-stm32.13.3.rel1.win32_1.0.0.202411081344/tools/bin/../lib/gcc/arm-none-eabi/13.3.1/../../../../arm-none-eabi/lib/thumb/v7e-m+dp/hard\libc_nano.a(libc_a-lock.o)
                0x08011610                __retarget_lock_init_recursive
 .text.__retarget_lock_acquire_recursive
                0x08011612        0x2 C:/ST/STM32CubeIDE_1.19.0/STM32CubeIDE/plugins/com.st.stm32cube.ide.mcu.externaltools.gnu-tools-for-stm32.13.3.rel1.win32_1.0.0.202411081344/tools/bin/../lib/gcc/arm-none-eabi/13.3.1/../../../../arm-none-eabi/lib/thumb/v7e-m+dp/hard\libc_nano.a(libc_a-lock.o)
                0x08011612                __retarget_lock_acquire_recursive
 .text.__retarget_lock_release_recursive
                0x08011614        0x2 C:/ST/STM32CubeIDE_1.19.0/STM32CubeIDE/plugins/com.st.stm32cube.ide.mcu.externaltools.gnu-tools-for-stm32.13.3.rel1.win32_1.0.0.202411081344/tools/bin/../lib/gcc/arm-none-eabi/13.3.1/../../../../arm-none-eabi/lib/thumb/v7e-m+dp/hard\libc_nano.a(libc_a-lock.o)
                0x08011614                __retarget_lock_release_recursive
 .text.memcpy   0x08011616       0x1c C:/ST/STM32CubeIDE_1.19.0/STM32CubeIDE/plugins/com.st.stm32cube.ide.mcu.externaltools.gnu-tools-for-stm32.13.3.rel1.win32_1.0.0.202411081344/tools/bin/../lib/gcc/arm-none-eabi/13.3.1/../../../../arm-none-eabi/lib/thumb/v7e-m+dp/hard\libc_nano.a(libc_a-memcpy-stub.o)
                0x08011616                memcpy
 *fill*         0x08011632        0x2 
 .text.nanf     0x08011634        0xc C:/ST/STM32CubeIDE_1.19.0/STM32CubeIDE/plugins/com.st.stm32cube.ide.mcu.externaltools.gnu-tools-for-stm32.13.3.rel1.win32_1.0.0.202411081344/tools/bin/../lib/gcc/arm-none-eabi/13.3.1/../../../../arm-none-eabi/lib/thumb/v7e-m+dp/hard\libc_nano.a(libm_a-sf_nan.o)
                0x08011634                nanf
 .text.quorem   0x08011640      0x110 C:/ST/STM32CubeIDE_1.19.0/STM32CubeIDE/plugins/com.st.stm32cube.ide.mcu.externaltools.gnu-tools-for-stm32.13.3.rel1.win32_1.0.0.202411081344/tools/bin/../lib/gcc/arm-none-eabi/13.3.1/../../../../arm-none-eabi/lib/thumb/v7e-m+dp/hard\libc_nano.a(libc_a-dtoa.o)
 .text._dtoa_r  0x08011750      0xabc C:/ST/STM32CubeIDE_1.19.0/STM32CubeIDE/plugins/com.st.stm32cube.ide.mcu.externaltools.gnu-tools-for-stm32.13.3.rel1.win32_1.0.0.202411081344/tools/bin/../lib/gcc/arm-none-eabi/13.3.1/../../../../arm-none-eabi/lib/thumb/v7e-m+dp/hard\libc_nano.a(libc_a-dtoa.o)
                0x08011750                _dtoa_r
 .text._free_r  0x0801220c       0x94 C:/ST/STM32CubeIDE_1.19.0/STM32CubeIDE/plugins/com.st.stm32cube.ide.mcu.externaltools.gnu-tools-for-stm32.13.3.rel1.win32_1.0.0.202411081344/tools/bin/../lib/gcc/arm-none-eabi/13.3.1/../../../../arm-none-eabi/lib/thumb/v7e-m+dp/hard\libc_nano.a(libc_a-freer.o)
                0x0801220c                _free_r
 .text.malloc   0x080122a0       0x10 C:/ST/STM32CubeIDE_1.19.0/STM32CubeIDE/plugins/com.st.stm32cube.ide.mcu.externaltools.gnu-tools-for-stm32.13.3.rel1.win32_1.0.0.202411081344/tools/bin/../lib/gcc/arm-none-eabi/13.3.1/../../../../arm-none-eabi/lib/thumb/v7e-m+dp/hard\libc_nano.a(libc_a-malloc.o)
                0x080122a0                malloc
 .text.sbrk_aligned
                0x080122b0       0x44 C:/ST/STM32CubeIDE_1.19.0/STM32CubeIDE/plugins/com.st.stm32cube.ide.mcu.externaltools.gnu-tools-for-stm32.13.3.rel1.win32_1.0.0.202411081344/tools/bin/../lib/gcc/arm-none-eabi/13.3.1/../../../../arm-none-eabi/lib/thumb/v7e-m+dp/hard\libc_nano.a(libc_a-mallocr.o)
 .text._malloc_r
                0x080122f4      0x100 C:/ST/STM32CubeIDE_1.19.0/STM32CubeIDE/plugins/com.st.stm32cube.ide.mcu.externaltools.gnu-tools-for-stm32.13.3.rel1.win32_1.0.0.202411081344/tools/bin/../lib/gcc/arm-none-eabi/13.3.1/../../../../arm-none-eabi/lib/thumb/v7e-m+dp/hard\libc_nano.a(libc_a-mallocr.o)
                0x080122f4                _malloc_r
 .text.__malloc_lock
                0x080123f4        0xc C:/ST/STM32CubeIDE_1.19.0/STM32CubeIDE/plugins/com.st.stm32cube.ide.mcu.externaltools.gnu-tools-for-stm32.13.3.rel1.win32_1.0.0.202411081344/tools/bin/../lib/gcc/arm-none-eabi/13.3.1/../../../../arm-none-eabi/lib/thumb/v7e-m+dp/hard\libc_nano.a(libc_a-mlock.o)
                0x080123f4                __malloc_lock
 .text.__malloc_unlock
                0x08012400        0xc C:/ST/STM32CubeIDE_1.19.0/STM32CubeIDE/plugins/com.st.stm32cube.ide.mcu.externaltools.gnu-tools-for-stm32.13.3.rel1.win32_1.0.0.202411081344/tools/bin/../lib/gcc/arm-none-eabi/13.3.1/../../../../arm-none-eabi/lib/thumb/v7e-m+dp/hard\libc_nano.a(libc_a-mlock.o)
                0x08012400                __malloc_unlock
 .text._Balloc  0x0801240c       0x80 C:/ST/STM32CubeIDE_1.19.0/STM32CubeIDE/plugins/com.st.stm32cube.ide.mcu.externaltools.gnu-tools-for-stm32.13.3.rel1.win32_1.0.0.202411081344/tools/bin/../lib/gcc/arm-none-eabi/13.3.1/../../../../arm-none-eabi/lib/thumb/v7e-m+dp/hard\libc_nano.a(libc_a-mprec.o)
                0x0801240c                _Balloc
 .text._Bfree   0x0801248c       0x44 C:/ST/STM32CubeIDE_1.19.0/STM32CubeIDE/plugins/com.st.stm32cube.ide.mcu.externaltools.gnu-tools-for-stm32.13.3.rel1.win32_1.0.0.202411081344/tools/bin/../lib/gcc/arm-none-eabi/13.3.1/../../../../arm-none-eabi/lib/thumb/v7e-m+dp/hard\libc_nano.a(libc_a-mprec.o)
                0x0801248c                _Bfree
 .text.__multadd
                0x080124d0       0x8c C:/ST/STM32CubeIDE_1.19.0/STM32CubeIDE/plugins/com.st.stm32cube.ide.mcu.externaltools.gnu-tools-for-stm32.13.3.rel1.win32_1.0.0.202411081344/tools/bin/../lib/gcc/arm-none-eabi/13.3.1/../../../../arm-none-eabi/lib/thumb/v7e-m+dp/hard\libc_nano.a(libc_a-mprec.o)
                0x080124d0                __multadd
 .text.__s2b    0x0801255c       0x94 C:/ST/STM32CubeIDE_1.19.0/STM32CubeIDE/plugins/com.st.stm32cube.ide.mcu.externaltools.gnu-tools-for-stm32.13.3.rel1.win32_1.0.0.202411081344/tools/bin/../lib/gcc/arm-none-eabi/13.3.1/../../../../arm-none-eabi/lib/thumb/v7e-m+dp/hard\libc_nano.a(libc_a-mprec.o)
                0x0801255c                __s2b
 .text.__hi0bits
                0x080125f0       0x3e C:/ST/STM32CubeIDE_1.19.0/STM32CubeIDE/plugins/com.st.stm32cube.ide.mcu.externaltools.gnu-tools-for-stm32.13.3.rel1.win32_1.0.0.202411081344/tools/bin/../lib/gcc/arm-none-eabi/13.3.1/../../../../arm-none-eabi/lib/thumb/v7e-m+dp/hard\libc_nano.a(libc_a-mprec.o)
                0x080125f0                __hi0bits
 .text.__lo0bits
                0x0801262e       0x5a C:/ST/STM32CubeIDE_1.19.0/STM32CubeIDE/plugins/com.st.stm32cube.ide.mcu.externaltools.gnu-tools-for-stm32.13.3.rel1.win32_1.0.0.202411081344/tools/bin/../lib/gcc/arm-none-eabi/13.3.1/../../../../arm-none-eabi/lib/thumb/v7e-m+dp/hard\libc_nano.a(libc_a-mprec.o)
                0x0801262e                __lo0bits
 .text.__i2b    0x08012688       0x2c C:/ST/STM32CubeIDE_1.19.0/STM32CubeIDE/plugins/com.st.stm32cube.ide.mcu.externaltools.gnu-tools-for-stm32.13.3.rel1.win32_1.0.0.202411081344/tools/bin/../lib/gcc/arm-none-eabi/13.3.1/../../../../arm-none-eabi/lib/thumb/v7e-m+dp/hard\libc_nano.a(libc_a-mprec.o)
                0x08012688                __i2b
 .text.__multiply
                0x080126b4      0x144 C:/ST/STM32CubeIDE_1.19.0/STM32CubeIDE/plugins/com.st.stm32cube.ide.mcu.externaltools.gnu-tools-for-stm32.13.3.rel1.win32_1.0.0.202411081344/tools/bin/../lib/gcc/arm-none-eabi/13.3.1/../../../../arm-none-eabi/lib/thumb/v7e-m+dp/hard\libc_nano.a(libc_a-mprec.o)
                0x080126b4                __multiply
 .text.__pow5mult
                0x080127f8       0xb4 C:/ST/STM32CubeIDE_1.19.0/STM32CubeIDE/plugins/com.st.stm32cube.ide.mcu.externaltools.gnu-tools-for-stm32.13.3.rel1.win32_1.0.0.202411081344/tools/bin/../lib/gcc/arm-none-eabi/13.3.1/../../../../arm-none-eabi/lib/thumb/v7e-m+dp/hard\libc_nano.a(libc_a-mprec.o)
                0x080127f8                __pow5mult
 .text.__lshift
                0x080128ac       0xd8 C:/ST/STM32CubeIDE_1.19.0/STM32CubeIDE/plugins/com.st.stm32cube.ide.mcu.externaltools.gnu-tools-for-stm32.13.3.rel1.win32_1.0.0.202411081344/tools/bin/../lib/gcc/arm-none-eabi/13.3.1/../../../../arm-none-eabi/lib/thumb/v7e-m+dp/hard\libc_nano.a(libc_a-mprec.o)
                0x080128ac                __lshift
 .text.__mcmp   0x08012984       0x36 C:/ST/STM32CubeIDE_1.19.0/STM32CubeIDE/plugins/com.st.stm32cube.ide.mcu.externaltools.gnu-tools-for-stm32.13.3.rel1.win32_1.0.0.202411081344/tools/bin/../lib/gcc/arm-none-eabi/13.3.1/../../../../arm-none-eabi/lib/thumb/v7e-m+dp/hard\libc_nano.a(libc_a-mprec.o)
                0x08012984                __mcmp
 *fill*         0x080129ba        0x2 
 .text.__mdiff  0x080129bc      0x128 C:/ST/STM32CubeIDE_1.19.0/STM32CubeIDE/plugins/com.st.stm32cube.ide.mcu.externaltools.gnu-tools-for-stm32.13.3.rel1.win32_1.0.0.202411081344/tools/bin/../lib/gcc/arm-none-eabi/13.3.1/../../../../arm-none-eabi/lib/thumb/v7e-m+dp/hard\libc_nano.a(libc_a-mprec.o)
                0x080129bc                __mdiff
 .text.__ulp    0x08012ae4       0x4c C:/ST/STM32CubeIDE_1.19.0/STM32CubeIDE/plugins/com.st.stm32cube.ide.mcu.externaltools.gnu-tools-for-stm32.13.3.rel1.win32_1.0.0.202411081344/tools/bin/../lib/gcc/arm-none-eabi/13.3.1/../../../../arm-none-eabi/lib/thumb/v7e-m+dp/hard\libc_nano.a(libc_a-mprec.o)
                0x08012ae4                __ulp
 .text.__b2d    0x08012b30       0x94 C:/ST/STM32CubeIDE_1.19.0/STM32CubeIDE/plugins/com.st.stm32cube.ide.mcu.externaltools.gnu-tools-for-stm32.13.3.rel1.win32_1.0.0.202411081344/tools/bin/../lib/gcc/arm-none-eabi/13.3.1/../../../../arm-none-eabi/lib/thumb/v7e-m+dp/hard\libc_nano.a(libc_a-mprec.o)
                0x08012b30                __b2d
 .text.__d2b    0x08012bc4       0xb0 C:/ST/STM32CubeIDE_1.19.0/STM32CubeIDE/plugins/com.st.stm32cube.ide.mcu.externaltools.gnu-tools-for-stm32.13.3.rel1.win32_1.0.0.202411081344/tools/bin/../lib/gcc/arm-none-eabi/13.3.1/../../../../arm-none-eabi/lib/thumb/v7e-m+dp/hard\libc_nano.a(libc_a-mprec.o)
                0x08012bc4                __d2b
 .text.__ratio  0x08012c74       0x5e C:/ST/STM32CubeIDE_1.19.0/STM32CubeIDE/plugins/com.st.stm32cube.ide.mcu.externaltools.gnu-tools-for-stm32.13.3.rel1.win32_1.0.0.202411081344/tools/bin/../lib/gcc/arm-none-eabi/13.3.1/../../../../arm-none-eabi/lib/thumb/v7e-m+dp/hard\libc_nano.a(libc_a-mprec.o)
                0x08012c74                __ratio
 .text.__copybits
                0x08012cd2       0x46 C:/ST/STM32CubeIDE_1.19.0/STM32CubeIDE/plugins/com.st.stm32cube.ide.mcu.externaltools.gnu-tools-for-stm32.13.3.rel1.win32_1.0.0.202411081344/tools/bin/../lib/gcc/arm-none-eabi/13.3.1/../../../../arm-none-eabi/lib/thumb/v7e-m+dp/hard\libc_nano.a(libc_a-mprec.o)
                0x08012cd2                __copybits
 .text.__any_on
                0x08012d18       0x42 C:/ST/STM32CubeIDE_1.19.0/STM32CubeIDE/plugins/com.st.stm32cube.ide.mcu.externaltools.gnu-tools-for-stm32.13.3.rel1.win32_1.0.0.202411081344/tools/bin/../lib/gcc/arm-none-eabi/13.3.1/../../../../arm-none-eabi/lib/thumb/v7e-m+dp/hard\libc_nano.a(libc_a-mprec.o)
                0x08012d18                __any_on
 .text.sulp     0x08012d5a       0x34 C:/ST/STM32CubeIDE_1.19.0/STM32CubeIDE/plugins/com.st.stm32cube.ide.mcu.externaltools.gnu-tools-for-stm32.13.3.rel1.win32_1.0.0.202411081344/tools/bin/../lib/gcc/arm-none-eabi/13.3.1/../../../../arm-none-eabi/lib/thumb/v7e-m+dp/hard\libc_nano.a(libc_a-strtod.o)
 *fill*         0x08012d8e        0x2 
 .text._strtod_l
                0x08012d90      0xb34 C:/ST/STM32CubeIDE_1.19.0/STM32CubeIDE/plugins/com.st.stm32cube.ide.mcu.externaltools.gnu-tools-for-stm32.13.3.rel1.win32_1.0.0.202411081344/tools/bin/../lib/gcc/arm-none-eabi/13.3.1/../../../../arm-none-eabi/lib/thumb/v7e-m+dp/hard\libc_nano.a(libc_a-strtod.o)
                0x08012d90                _strtod_l
 .text._strtod_r
                0x080138c4        0xc C:/ST/STM32CubeIDE_1.19.0/STM32CubeIDE/plugins/com.st.stm32cube.ide.mcu.externaltools.gnu-tools-for-stm32.13.3.rel1.win32_1.0.0.202411081344/tools/bin/../lib/gcc/arm-none-eabi/13.3.1/../../../../arm-none-eabi/lib/thumb/v7e-m+dp/hard\libc_nano.a(libc_a-strtod.o)
                0x080138c4                _strtod_r
 .text._strtol_l.isra.0
                0x080138d0       0xf4 C:/ST/STM32CubeIDE_1.19.0/STM32CubeIDE/plugins/com.st.stm32cube.ide.mcu.externaltools.gnu-tools-for-stm32.13.3.rel1.win32_1.0.0.202411081344/tools/bin/../lib/gcc/arm-none-eabi/13.3.1/../../../../arm-none-eabi/lib/thumb/v7e-m+dp/hard\libc_nano.a(libc_a-strtol.o)
 .text._strtol_r
                0x080139c4        0x4 C:/ST/STM32CubeIDE_1.19.0/STM32CubeIDE/plugins/com.st.stm32cube.ide.mcu.externaltools.gnu-tools-for-stm32.13.3.rel1.win32_1.0.0.202411081344/tools/bin/../lib/gcc/arm-none-eabi/13.3.1/../../../../arm-none-eabi/lib/thumb/v7e-m+dp/hard\libc_nano.a(libc_a-strtol.o)
                0x080139c4                _strtol_r
 .text.__ssputs_r
                0x080139c8       0xb6 C:/ST/STM32CubeIDE_1.19.0/STM32CubeIDE/plugins/com.st.stm32cube.ide.mcu.externaltools.gnu-tools-for-stm32.13.3.rel1.win32_1.0.0.202411081344/tools/bin/../lib/gcc/arm-none-eabi/13.3.1/../../../../arm-none-eabi/lib/thumb/v7e-m+dp/hard\libc_nano.a(libc_a-nano-svfprintf.o)
                0x080139c8                __ssputs_r
 *fill*         0x08013a7e        0x2 
 .text._svfprintf_r
                0x08013a80      0x1f8 C:/ST/STM32CubeIDE_1.19.0/STM32CubeIDE/plugins/com.st.stm32cube.ide.mcu.externaltools.gnu-tools-for-stm32.13.3.rel1.win32_1.0.0.202411081344/tools/bin/../lib/gcc/arm-none-eabi/13.3.1/../../../../arm-none-eabi/lib/thumb/v7e-m+dp/hard\libc_nano.a(libc_a-nano-svfprintf.o)
                0x08013a80                _svfiprintf_r
                0x08013a80                _svfprintf_r
 .text.__sfputc_r
                0x08013c78       0x2e C:/ST/STM32CubeIDE_1.19.0/STM32CubeIDE/plugins/com.st.stm32cube.ide.mcu.externaltools.gnu-tools-for-stm32.13.3.rel1.win32_1.0.0.202411081344/tools/bin/../lib/gcc/arm-none-eabi/13.3.1/../../../../arm-none-eabi/lib/thumb/v7e-m+dp/hard\libc_nano.a(libc_a-nano-vfprintf.o)
 .text.__sfputs_r
                0x08013ca6       0x24 C:/ST/STM32CubeIDE_1.19.0/STM32CubeIDE/plugins/com.st.stm32cube.ide.mcu.externaltools.gnu-tools-for-stm32.13.3.rel1.win32_1.0.0.202411081344/tools/bin/../lib/gcc/arm-none-eabi/13.3.1/../../../../arm-none-eabi/lib/thumb/v7e-m+dp/hard\libc_nano.a(libc_a-nano-vfprintf.o)
                0x08013ca6                __sfputs_r
 *fill*         0x08013cca        0x2 
 .text._vfprintf_r
                0x08013ccc      0x230 C:/ST/STM32CubeIDE_1.19.0/STM32CubeIDE/plugins/com.st.stm32cube.ide.mcu.externaltools.gnu-tools-for-stm32.13.3.rel1.win32_1.0.0.202411081344/tools/bin/../lib/gcc/arm-none-eabi/13.3.1/../../../../arm-none-eabi/lib/thumb/v7e-m+dp/hard\libc_nano.a(libc_a-nano-vfprintf.o)
                0x08013ccc                _vfprintf_r
                0x08013ccc                _vfiprintf_r
 .text.__sflush_r
                0x08013efc      0x108 C:/ST/STM32CubeIDE_1.19.0/STM32CubeIDE/plugins/com.st.stm32cube.ide.mcu.externaltools.gnu-tools-for-stm32.13.3.rel1.win32_1.0.0.202411081344/tools/bin/../lib/gcc/arm-none-eabi/13.3.1/../../../../arm-none-eabi/lib/thumb/v7e-m+dp/hard\libc_nano.a(libc_a-fflush.o)
                0x08013efc                __sflush_r
 .text._fflush_r
                0x08014004       0x50 C:/ST/STM32CubeIDE_1.19.0/STM32CubeIDE/plugins/com.st.stm32cube.ide.mcu.externaltools.gnu-tools-for-stm32.13.3.rel1.win32_1.0.0.202411081344/tools/bin/../lib/gcc/arm-none-eabi/13.3.1/../../../../arm-none-eabi/lib/thumb/v7e-m+dp/hard\libc_nano.a(libc_a-fflush.o)
                0x08014004                _fflush_r
 .text.__swhatbuf_r
                0x08014054       0x4c C:/ST/STM32CubeIDE_1.19.0/STM32CubeIDE/plugins/com.st.stm32cube.ide.mcu.externaltools.gnu-tools-for-stm32.13.3.rel1.win32_1.0.0.202411081344/tools/bin/../lib/gcc/arm-none-eabi/13.3.1/../../../../arm-none-eabi/lib/thumb/v7e-m+dp/hard\libc_nano.a(libc_a-makebuf.o)
                0x08014054                __swhatbuf_r
 .text.__smakebuf_r
                0x080140a0       0x78 C:/ST/STM32CubeIDE_1.19.0/STM32CubeIDE/plugins/com.st.stm32cube.ide.mcu.externaltools.gnu-tools-for-stm32.13.3.rel1.win32_1.0.0.202411081344/tools/bin/../lib/gcc/arm-none-eabi/13.3.1/../../../../arm-none-eabi/lib/thumb/v7e-m+dp/hard\libc_nano.a(libc_a-makebuf.o)
                0x080140a0                __smakebuf_r
 .text.memmove  0x08014118       0x34 C:/ST/STM32CubeIDE_1.19.0/STM32CubeIDE/plugins/com.st.stm32cube.ide.mcu.externaltools.gnu-tools-for-stm32.13.3.rel1.win32_1.0.0.202411081344/tools/bin/../lib/gcc/arm-none-eabi/13.3.1/../../../../arm-none-eabi/lib/thumb/v7e-m+dp/hard\libc_nano.a(libc_a-memmove.o)
                0x08014118                memmove
 .text.strncmp  0x0801414c       0x24 C:/ST/STM32CubeIDE_1.19.0/STM32CubeIDE/plugins/com.st.stm32cube.ide.mcu.externaltools.gnu-tools-for-stm32.13.3.rel1.win32_1.0.0.202411081344/tools/bin/../lib/gcc/arm-none-eabi/13.3.1/../../../../arm-none-eabi/lib/thumb/v7e-m+dp/hard\libc_nano.a(libc_a-strncmp.o)
                0x0801414c                strncmp
 .text._fstat_r
                0x08014170       0x24 C:/ST/STM32CubeIDE_1.19.0/STM32CubeIDE/plugins/com.st.stm32cube.ide.mcu.externaltools.gnu-tools-for-stm32.13.3.rel1.win32_1.0.0.202411081344/tools/bin/../lib/gcc/arm-none-eabi/13.3.1/../../../../arm-none-eabi/lib/thumb/v7e-m+dp/hard\libc_nano.a(libc_a-fstatr.o)
                0x08014170                _fstat_r
 .text._isatty_r
                0x08014194       0x20 C:/ST/STM32CubeIDE_1.19.0/STM32CubeIDE/plugins/com.st.stm32cube.ide.mcu.externaltools.gnu-tools-for-stm32.13.3.rel1.win32_1.0.0.202411081344/tools/bin/../lib/gcc/arm-none-eabi/13.3.1/../../../../arm-none-eabi/lib/thumb/v7e-m+dp/hard\libc_nano.a(libc_a-isattyr.o)
                0x08014194                _isatty_r
 .text._sbrk_r  0x080141b4       0x20 C:/ST/STM32CubeIDE_1.19.0/STM32CubeIDE/plugins/com.st.stm32cube.ide.mcu.externaltools.gnu-tools-for-stm32.13.3.rel1.win32_1.0.0.202411081344/tools/bin/../lib/gcc/arm-none-eabi/13.3.1/../../../../arm-none-eabi/lib/thumb/v7e-m+dp/hard\libc_nano.a(libc_a-sbrkr.o)
                0x080141b4                _sbrk_r
 *fill*         0x080141d4        0x4 
 .text.nan      0x080141d8       0x10 C:/ST/STM32CubeIDE_1.19.0/STM32CubeIDE/plugins/com.st.stm32cube.ide.mcu.externaltools.gnu-tools-for-stm32.13.3.rel1.win32_1.0.0.202411081344/tools/bin/../lib/gcc/arm-none-eabi/13.3.1/../../../../arm-none-eabi/lib/thumb/v7e-m+dp/hard\libc_nano.a(libm_a-s_nan.o)
                0x080141d8                nan
 .text.__assert_func
                0x080141e8       0x3c C:/ST/STM32CubeIDE_1.19.0/STM32CubeIDE/plugins/com.st.stm32cube.ide.mcu.externaltools.gnu-tools-for-stm32.13.3.rel1.win32_1.0.0.202411081344/tools/bin/../lib/gcc/arm-none-eabi/13.3.1/../../../../arm-none-eabi/lib/thumb/v7e-m+dp/hard\libc_nano.a(libc_a-assert.o)
                0x080141e8                __assert_func
 .text._calloc_r
                0x08014224       0x28 C:/ST/STM32CubeIDE_1.19.0/STM32CubeIDE/plugins/com.st.stm32cube.ide.mcu.externaltools.gnu-tools-for-stm32.13.3.rel1.win32_1.0.0.202411081344/tools/bin/../lib/gcc/arm-none-eabi/13.3.1/../../../../arm-none-eabi/lib/thumb/v7e-m+dp/hard\libc_nano.a(libc_a-callocr.o)
                0x08014224                _calloc_r
 .text.rshift   0x0801424c       0xa4 C:/ST/STM32CubeIDE_1.19.0/STM32CubeIDE/plugins/com.st.stm32cube.ide.mcu.externaltools.gnu-tools-for-stm32.13.3.rel1.win32_1.0.0.202411081344/tools/bin/../lib/gcc/arm-none-eabi/13.3.1/../../../../arm-none-eabi/lib/thumb/v7e-m+dp/hard\libc_nano.a(libc_a-gdtoa-gethex.o)
 .text.__hexdig_fun