../Core/Src/main.c:86:5:_write	24	static
../Core/Src/main.c:92:6:HAL_SAI_RxHalfCpltCallback	16	static
../Core/Src/main.c:100:6:HAL_SAI_RxCpltCallback	16	static
../Core/Src/main.c:113:5:main	64	static
../Core/Src/main.c:241:6:SystemClock_Config	120	static
../Core/Src/main.c:300:6:PeriphCommonClock_Config	200	static
../Core/Src/main.c:327:13:MX_I2C1_Init	8	static
../Core/Src/main.c:375:13:MX_SAI1_Init	8	static
../Core/Src/main.c:426:13:MX_USART3_UART_Init	8	static
../Core/Src/main.c:472:13:MX_DMA_Init	16	static
../Core/Src/main.c:493:13:MX_GPIO_Init	32	static
../Core/Src/main.c:512:6:HAL_SAI_TxHalfCpltCallback	16	static
../Core/Src/main.c:520:6:HAL_SAI_TxCpltCallback	16	static
../Core/Src/main.c:532:6:MPU_Config	24	static
../Core/Src/main.c:563:6:Error_Handler	4	static,ignoring_inline_asm
