../Core/Src/main.c:79:5:_write	1
../Core/Src/main.c:90:5:main	2
../Core/Src/main.c:159:6:SystemClock_Config	4
../Core/Src/main.c:218:6:PeriphCommonClock_Config	2
../Core/Src/main.c:245:13:MX_I2C1_Init	4
../Core/Src/main.c:293:13:MX_SAI1_Init	3
../Core/Src/main.c:344:13:MX_USART3_UART_Init	5
../Core/Src/main.c:390:13:MX_DMA_Init	1
../Core/Src/main.c:411:13:MX_GPIO_Init	1
../Core/Src/main.c:430:6:HAL_SAI_TxHalfCpltCallback	2
../Core/Src/main.c:438:6:HAL_SAI_TxCpltCallback	2
../Core/Src/main.c:450:6:MPU_Config	1
../Core/Src/main.c:481:6:Error_Handler	1
