../Core/Src/main.c:86:5:_write	1
../Core/Src/main.c:92:6:HAL_SAI_RxHalfCpltCallback	2
../Core/Src/main.c:100:6:HAL_SAI_RxCpltCallback	2
../Core/Src/main.c:113:5:main	12
../Core/Src/main.c:241:6:SystemClock_Config	4
../Core/Src/main.c:300:6:PeriphCommonClock_Config	2
../Core/Src/main.c:327:13:MX_I2C1_Init	4
../Core/Src/main.c:375:13:MX_SAI1_Init	3
../Core/Src/main.c:426:13:MX_USART3_UART_Init	5
../Core/Src/main.c:472:13:MX_DMA_Init	1
../Core/Src/main.c:493:13:MX_GPIO_Init	1
../Core/Src/main.c:512:6:HAL_SAI_TxHalfCpltCallback	2
../Core/Src/main.c:520:6:HAL_SAI_TxCpltCallback	2
../Core/Src/main.c:532:6:MPU_Config	1
../Core/Src/main.c:563:6:Error_Handler	1
