../Core/Src/main.c:82:5:_write	24	static
../Core/Src/main.c:93:5:main	16	static
../Core/Src/main.c:169:6:SystemClock_Config	120	static
../Core/Src/main.c:228:6:PeriphCommonClock_Config	200	static
../Core/Src/main.c:255:13:MX_I2C1_Init	8	static
../Core/Src/main.c:303:13:MX_SAI1_Init	8	static
../Core/Src/main.c:354:13:MX_USART3_UART_Init	8	static
../Core/Src/main.c:400:13:MX_DMA_Init	16	static
../Core/Src/main.c:421:13:MX_GPIO_Init	32	static
../Core/Src/main.c:440:6:HAL_SAI_TxHalfCpltCallback	16	static
../Core/Src/main.c:448:6:HAL_SAI_TxCpltCallback	16	static
../Core/Src/main.c:460:6:MPU_Config	24	static
../Core/Src/main.c:491:6:Error_Handler	4	static,ignoring_inline_asm
